Archive member included because of file (symbol)

/Users/nathan/Development/stm32/gcc-arm/bin/../lib/gcc/arm-none-eabi/4.9.3/../../../../arm-none-eabi/lib/armv7-m/libc.a(lib_a-exit.o)
                              /Users/nathan/Development/stm32/gcc-arm/bin/../lib/gcc/arm-none-eabi/4.9.3/../../../../arm-none-eabi/lib/armv7-m/crt0.o (exit)
/Users/nathan/Development/stm32/gcc-arm/bin/../lib/gcc/arm-none-eabi/4.9.3/../../../../arm-none-eabi/lib/armv7-m/libc.a(lib_a-impure.o)
                              /Users/nathan/Development/stm32/gcc-arm/bin/../lib/gcc/arm-none-eabi/4.9.3/../../../../arm-none-eabi/lib/armv7-m/libc.a(lib_a-exit.o) (_global_impure_ptr)
/Users/nathan/Development/stm32/gcc-arm/bin/../lib/gcc/arm-none-eabi/4.9.3/../../../../arm-none-eabi/lib/armv7-m/libc.a(lib_a-init.o)
                              /Users/nathan/Development/stm32/gcc-arm/bin/../lib/gcc/arm-none-eabi/4.9.3/../../../../arm-none-eabi/lib/armv7-m/crt0.o (__libc_init_array)
/Users/nathan/Development/stm32/gcc-arm/bin/../lib/gcc/arm-none-eabi/4.9.3/../../../../arm-none-eabi/lib/armv7-m/libc.a(lib_a-memset.o)
                              /Users/nathan/Development/stm32/gcc-arm/bin/../lib/gcc/arm-none-eabi/4.9.3/../../../../arm-none-eabi/lib/armv7-m/crt0.o (memset)
/Users/nathan/Development/stm32/gcc-arm/bin/../lib/gcc/arm-none-eabi/4.9.3/../../../../arm-none-eabi/lib/armv7-m/libc.a(lib_a-__call_atexit.o)
                              /Users/nathan/Development/stm32/gcc-arm/bin/../lib/gcc/arm-none-eabi/4.9.3/../../../../arm-none-eabi/lib/armv7-m/libc.a(lib_a-exit.o) (__call_exitprocs)
/Users/nathan/Development/stm32/gcc-arm/bin/../lib/gcc/arm-none-eabi/4.9.3/../../../../arm-none-eabi/lib/armv7-m/libc.a(lib_a-atexit.o)
                              /Users/nathan/Development/stm32/gcc-arm/bin/../lib/gcc/arm-none-eabi/4.9.3/../../../../arm-none-eabi/lib/armv7-m/libc.a(lib_a-__call_atexit.o) (atexit)
/Users/nathan/Development/stm32/gcc-arm/bin/../lib/gcc/arm-none-eabi/4.9.3/../../../../arm-none-eabi/lib/armv7-m/libc.a(lib_a-fini.o)
                              /Users/nathan/Development/stm32/gcc-arm/bin/../lib/gcc/arm-none-eabi/4.9.3/../../../../arm-none-eabi/lib/armv7-m/libc.a(lib_a-__call_atexit.o) (__libc_fini_array)
/Users/nathan/Development/stm32/gcc-arm/bin/../lib/gcc/arm-none-eabi/4.9.3/../../../../arm-none-eabi/lib/armv7-m/libc.a(lib_a-__atexit.o)
                              /Users/nathan/Development/stm32/gcc-arm/bin/../lib/gcc/arm-none-eabi/4.9.3/../../../../arm-none-eabi/lib/armv7-m/libc.a(lib_a-atexit.o) (__register_exitproc)

Allocating common symbols
Common symbol       size              file

ADC_InitStructure   0x18              ./main.o
DAC_InitStructure   0x10              ./main.o
GPIO_InitStructure  0x8               ./main.o
NVIC_InitStructure  0x4               ./main.o
ADC_CommonInitStructure
                    0x4               ./main.o

Discarded input sections

 .text          0x0000000000000000        0x0 /Users/nathan/Development/stm32/gcc-arm/bin/../lib/gcc/arm-none-eabi/4.9.3/armv7-m/crti.o
 .data          0x0000000000000000        0x0 /Users/nathan/Development/stm32/gcc-arm/bin/../lib/gcc/arm-none-eabi/4.9.3/armv7-m/crti.o
 .bss           0x0000000000000000        0x0 /Users/nathan/Development/stm32/gcc-arm/bin/../lib/gcc/arm-none-eabi/4.9.3/armv7-m/crti.o
 .data          0x0000000000000000        0x4 /Users/nathan/Development/stm32/gcc-arm/bin/../lib/gcc/arm-none-eabi/4.9.3/armv7-m/crtbegin.o
 .text          0x0000000000000000       0x74 /Users/nathan/Development/stm32/gcc-arm/bin/../lib/gcc/arm-none-eabi/4.9.3/../../../../arm-none-eabi/lib/armv7-m/crt0.o
 .data          0x0000000000000000        0x0 /Users/nathan/Development/stm32/gcc-arm/bin/../lib/gcc/arm-none-eabi/4.9.3/../../../../arm-none-eabi/lib/armv7-m/crt0.o
 .bss           0x0000000000000000        0x0 /Users/nathan/Development/stm32/gcc-arm/bin/../lib/gcc/arm-none-eabi/4.9.3/../../../../arm-none-eabi/lib/armv7-m/crt0.o
 .ARM.extab     0x0000000000000000        0x0 /Users/nathan/Development/stm32/gcc-arm/bin/../lib/gcc/arm-none-eabi/4.9.3/../../../../arm-none-eabi/lib/armv7-m/crt0.o
 .ARM.exidx     0x0000000000000000        0x8 /Users/nathan/Development/stm32/gcc-arm/bin/../lib/gcc/arm-none-eabi/4.9.3/../../../../arm-none-eabi/lib/armv7-m/crt0.o
 .ARM.attributes
                0x0000000000000000       0x1b /Users/nathan/Development/stm32/gcc-arm/bin/../lib/gcc/arm-none-eabi/4.9.3/../../../../arm-none-eabi/lib/armv7-m/crt0.o
 .group         0x0000000000000000        0x8 ./User/stm32l1xx_it.o
 .group         0x0000000000000000        0x8 ./User/stm32l1xx_it.o
 .group         0x0000000000000000        0x8 ./User/stm32l1xx_it.o
 .group         0x0000000000000000        0x8 ./User/stm32l1xx_it.o
 .group         0x0000000000000000        0x8 ./User/stm32l1xx_it.o
 .group         0x0000000000000000        0x8 ./User/stm32l1xx_it.o
 .group         0x0000000000000000        0x8 ./User/stm32l1xx_it.o
[...]
Memory Configuration

Name             Origin             Length             Attributes
FLASH            0x0000000008000000 0x0000000000020000 xr
RAM              0x0000000020000000 0x0000000000004000 xrw
MEMORY_B1        0x0000000060000000 0x0000000000000000 xr
*default*        0x0000000000000000 0xffffffffffffffff

Linker script and memory map

LOAD /Users/nathan/Development/stm32/gcc-arm/bin/../lib/gcc/arm-none-eabi/4.9.3/armv7-m/crti.o
LOAD /Users/nathan/Development/stm32/gcc-arm/bin/../lib/gcc/arm-none-eabi/4.9.3/armv7-m/crtbegin.o
LOAD /Users/nathan/Development/stm32/gcc-arm/bin/../lib/gcc/arm-none-eabi/4.9.3/../../../../arm-none-eabi/lib/armv7-m/crt0.o
                0x0000000000001000                malloc_getpagesize_P = 0x1000
LOAD ./User/stm32l1xx_it.o
LOAD ./STM32L1xx_StdPeriph_Driver/src/misc.o
LOAD ./STM32L1xx_StdPeriph_Driver/src/stm32l1xx_adc.o
LOAD ./STM32L1xx_StdPeriph_Driver/src/stm32l1xx_aes.o
LOAD ./STM32L1xx_StdPeriph_Driver/src/stm32l1xx_aes_util.o
LOAD ./STM32L1xx_StdPeriph_Driver/src/stm32l1xx_comp.o
LOAD ./STM32L1xx_StdPeriph_Driver/src/stm32l1xx_crc.o
LOAD ./STM32L1xx_StdPeriph_Driver/src/stm32l1xx_dac.o
LOAD ./STM32L1xx_StdPeriph_Driver/src/stm32l1xx_dbgmcu.o
LOAD ./STM32L1xx_StdPeriph_Driver/src/stm32l1xx_dma.o
LOAD ./STM32L1xx_StdPeriph_Driver/src/stm32l1xx_exti.o
LOAD ./STM32L1xx_StdPeriph_Driver/src/stm32l1xx_flash.o
LOAD ./STM32L1xx_StdPeriph_Driver/src/stm32l1xx_flash_ramfunc.o
LOAD ./STM32L1xx_StdPeriph_Driver/src/stm32l1xx_fsmc.o
LOAD ./STM32L1xx_StdPeriph_Driver/src/stm32l1xx_gpio.o
LOAD ./STM32L1xx_StdPeriph_Driver/src/stm32l1xx_i2c.o
LOAD ./STM32L1xx_StdPeriph_Driver/src/stm32l1xx_iwdg.o
LOAD ./STM32L1xx_StdPeriph_Driver/src/stm32l1xx_lcd.o
LOAD ./STM32L1xx_StdPeriph_Driver/src/stm32l1xx_opamp.o
LOAD ./STM32L1xx_StdPeriph_Driver/src/stm32l1xx_pwr.o
LOAD ./STM32L1xx_StdPeriph_Driver/src/stm32l1xx_rcc.o
LOAD ./STM32L1xx_StdPeriph_Driver/src/stm32l1xx_rtc.o
LOAD ./STM32L1xx_StdPeriph_Driver/src/stm32l1xx_sdio.o
LOAD ./STM32L1xx_StdPeriph_Driver/src/stm32l1xx_spi.o
LOAD ./STM32L1xx_StdPeriph_Driver/src/stm32l1xx_syscfg.o
LOAD ./STM32L1xx_StdPeriph_Driver/src/stm32l1xx_tim.o
LOAD ./STM32L1xx_StdPeriph_Driver/src/stm32l1xx_usart.o
LOAD ./STM32L1xx_StdPeriph_Driver/src/stm32l1xx_wwdg.o
LOAD ./GNU/startup_stm32l1xx_md.o
LOAD ./CMSIS/src/system_stm32l1xx.o
LOAD ./main.o
START GROUP
LOAD /Users/nathan/Development/stm32/gcc-arm/bin/../lib/gcc/arm-none-eabi/4.9.3/armv7-m/libgcc.a
LOAD /Users/nathan/Development/stm32/gcc-arm/bin/../lib/gcc/arm-none-eabi/4.9.3/../../../../arm-none-eabi/lib/armv7-m/libc.a
END GROUP
LOAD /Users/nathan/Development/stm32/gcc-arm/bin/../lib/gcc/arm-none-eabi/4.9.3/armv7-m/crtend.o
LOAD /Users/nathan/Development/stm32/gcc-arm/bin/../lib/gcc/arm-none-eabi/4.9.3/armv7-m/crtn.o
                0x0000000020004000                _estack = 0x20004000
                0x0000000000000000                _Min_Heap_Size = 0x0
                0x0000000000000080                _Min_Stack_Size = 0x80

.isr_vector     0x0000000008000000      0x10c
                0x0000000008000000                . = ALIGN (0x4)
 *(.isr_vector)
 .isr_vector    0x0000000008000000      0x10c ./GNU/startup_stm32l1xx_md.o
                0x0000000008000000                g_pfnVectors
                0x000000000800010c                . = ALIGN (0x4)

.text           0x000000000800010c      0xdb0
                0x000000000800010c                . = ALIGN (0x4)
 *(.text)
 .text          0x000000000800010c       0x5c /Users/nathan/Development/stm32/gcc-arm/bin/../lib/gcc/arm-none-eabi/4.9.3/armv7-m/crtbegin.o
 *(.text*)
 .text.NMI_Handler
                0x0000000008000168        0xc ./User/stm32l1xx_it.o
                0x0000000008000168                NMI_Handler
 .text.HardFault_Handler
                0x0000000008000174        0x8 ./User/stm32l1xx_it.o
                0x0000000008000174                HardFault_Handler
 .text.MemManage_Handler
                0x000000000800017c        0x8 ./User/stm32l1xx_it.o
                0x000000000800017c                MemManage_Handler
 .text.BusFault_Handler
                0x0000000008000184        0x8 ./User/stm32l1xx_it.o
                0x0000000008000184                BusFault_Handler
 .text.UsageFault_Handler
                0x000000000800018c        0x8 ./User/stm32l1xx_it.o
                0x000000000800018c                UsageFault_Handler
 .text.SVC_Handler
                0x0000000008000194        0xc ./User/stm32l1xx_it.o
                0x0000000008000194                SVC_Handler
 .text.DebugMon_Handler
                0x00000000080001a0        0xc ./User/stm32l1xx_it.o
                0x00000000080001a0                DebugMon_Handler
 .text.PendSV_Handler
                0x00000000080001ac        0xc ./User/stm32l1xx_it.o
                0x00000000080001ac                PendSV_Handler
 .text.SysTick_Handler
                0x00000000080001b8       0x10 ./User/stm32l1xx_it.o
                0x00000000080001b8                SysTick_Handler
 .text.ADC_Init
                0x00000000080001c8       0xa8 ./STM32L1xx_StdPeriph_Driver/src/stm32l1xx_adc.o
                0x00000000080001c8                ADC_Init
 .text.ADC_CommonInit
                0x0000000008000270       0x38 ./STM32L1xx_StdPeriph_Driver/src/stm32l1xx_adc.o
                0x0000000008000270                ADC_CommonInit
 .text.ADC_Cmd  0x00000000080002a8       0x38 ./STM32L1xx_StdPeriph_Driver/src/stm32l1xx_adc.o
                0x00000000080002a8                ADC_Cmd
 .text.ADC_RegularChannelConfig
                0x00000000080002e0      0x2cc ./STM32L1xx_StdPeriph_Driver/src/stm32l1xx_adc.o
                0x00000000080002e0                ADC_RegularChannelConfig
 .text.ADC_SoftwareStartConv
                0x00000000080005ac       0x20 ./STM32L1xx_StdPeriph_Driver/src/stm32l1xx_adc.o
                0x00000000080005ac                ADC_SoftwareStartConv
 .text.ADC_GetConversionValue
                0x00000000080005cc       0x1c ./STM32L1xx_StdPeriph_Driver/src/stm32l1xx_adc.o
                0x00000000080005cc                ADC_GetConversionValue
 .text.ADC_ITConfig
                0x00000000080005e8       0x50 ./STM32L1xx_StdPeriph_Driver/src/stm32l1xx_adc.o
                0x00000000080005e8                ADC_ITConfig
 .text.ADC_GetFlagStatus
                0x0000000008000638       0x34 ./STM32L1xx_StdPeriph_Driver/src/stm32l1xx_adc.o
                0x0000000008000638                ADC_GetFlagStatus
 .text.DAC_Init
                0x000000000800066c       0x64 ./STM32L1xx_StdPeriph_Driver/src/stm32l1xx_dac.o
                0x000000000800066c                DAC_Init
 .text.DAC_Cmd  0x00000000080006d0       0x48 ./STM32L1xx_StdPeriph_Driver/src/stm32l1xx_dac.o
                0x00000000080006d0                DAC_Cmd
 .text.GPIO_Init
                0x0000000008000718      0x128 ./STM32L1xx_StdPeriph_Driver/src/stm32l1xx_gpio.o
                0x0000000008000718                GPIO_Init
 .text.RCC_HSICmd
                0x0000000008000840       0x20 ./STM32L1xx_StdPeriph_Driver/src/stm32l1xx_rcc.o
                0x0000000008000840                RCC_HSICmd
 .text.RCC_AHBPeriphClockCmd
                0x0000000008000860       0x3c ./STM32L1xx_StdPeriph_Driver/src/stm32l1xx_rcc.o
                0x0000000008000860                RCC_AHBPeriphClockCmd
 .text.RCC_APB2PeriphClockCmd
                0x000000000800089c       0x3c ./STM32L1xx_StdPeriph_Driver/src/stm32l1xx_rcc.o
                0x000000000800089c                RCC_APB2PeriphClockCmd
 .text.RCC_APB1PeriphClockCmd
                0x00000000080008d8       0x3c ./STM32L1xx_StdPeriph_Driver/src/stm32l1xx_rcc.o
                0x00000000080008d8                RCC_APB1PeriphClockCmd
 .text.RCC_GetFlagStatus
                0x0000000008000914       0x68 ./STM32L1xx_StdPeriph_Driver/src/stm32l1xx_rcc.o
                0x0000000008000914                RCC_GetFlagStatus
 .text.Reset_Handler
                0x000000000800097c       0x48 ./GNU/startup_stm32l1xx_md.o
                0x000000000800097c                Reset_Handler
 .text.Default_Handler
                0x00000000080009c4        0x2 ./GNU/startup_stm32l1xx_md.o
                0x00000000080009c4                I2C1_ER_IRQHandler
                0x00000000080009c4                EXTI2_IRQHandler
                0x00000000080009c4                TIM10_IRQHandler
                0x00000000080009c4                USB_HP_IRQHandler
                0x00000000080009c4                TIM6_IRQHandler
                0x00000000080009c4                PVD_IRQHandler
                0x00000000080009c4                EXTI3_IRQHandler
                0x00000000080009c4                EXTI0_IRQHandler
                0x00000000080009c4                I2C2_EV_IRQHandler
                0x00000000080009c4                SPI1_IRQHandler
                0x00000000080009c4                USB_FS_WKUP_IRQHandler
                0x00000000080009c4                DMA1_Channel4_IRQHandler
                0x00000000080009c4                ADC1_IRQHandler
                0x00000000080009c4                USART3_IRQHandler
                0x00000000080009c4                DMA1_Channel7_IRQHandler
                0x00000000080009c4                LCD_IRQHandler
                0x00000000080009c4                TIM4_IRQHandler
                0x00000000080009c4                I2C1_EV_IRQHandler
                0x00000000080009c4                DMA1_Channel6_IRQHandler
                0x00000000080009c4                TIM3_IRQHandler
                0x00000000080009c4                RCC_IRQHandler
                0x00000000080009c4                DMA1_Channel1_IRQHandler
                0x00000000080009c4                Default_Handler
                0x00000000080009c4                EXTI15_10_IRQHandler
                0x00000000080009c4                TIM7_IRQHandler
                0x00000000080009c4                EXTI9_5_IRQHandler
                0x00000000080009c4                TIM9_IRQHandler
                0x00000000080009c4                TAMPER_STAMP_IRQHandler
                0x00000000080009c4                RTC_WKUP_IRQHandler
                0x00000000080009c4                SPI2_IRQHandler
                0x00000000080009c4                DMA1_Channel5_IRQHandler
                0x00000000080009c4                USB_LP_IRQHandler
                0x00000000080009c4                EXTI4_IRQHandler
                0x00000000080009c4                DMA1_Channel3_IRQHandler
                0x00000000080009c4                COMP_IRQHandler
                0x00000000080009c4                WWDG_IRQHandler
                0x00000000080009c4                TIM2_IRQHandler
                0x00000000080009c4                DAC_IRQHandler
                0x00000000080009c4                EXTI1_IRQHandler
                0x00000000080009c4                TIM11_IRQHandler
                0x00000000080009c4                USART2_IRQHandler
                0x00000000080009c4                I2C2_ER_IRQHandler
                0x00000000080009c4                DMA1_Channel2_IRQHandler
                0x00000000080009c4                FLASH_IRQHandler
                0x00000000080009c4                USART1_IRQHandler
                0x00000000080009c4                RTC_Alarm_IRQHandler
 *fill*         0x00000000080009c6        0x2 
 .text.SystemInit
                0x00000000080009c8       0x68 ./CMSIS/src/system_stm32l1xx.o
                0x00000000080009c8                SystemInit
 .text.SetSysClock
                0x0000000008000a30      0x120 ./CMSIS/src/system_stm32l1xx.o
 .text.main     0x0000000008000b50       0x3c ./main.o
                0x0000000008000b50                main
 .text.DAC_Config
                0x0000000008000b8c       0x74 ./main.o
                0x0000000008000b8c                DAC_Config
 .text.ADC_Config
                0x0000000008000c00       0xe4 ./main.o
                0x0000000008000c00                ADC_Config
 .text.adc_read
                0x0000000008000ce4       0x54 ./main.o
                0x0000000008000ce4                adc_read
 .text.TimingDelay_Decrement
                0x0000000008000d38       0x24 ./main.o
                0x0000000008000d38                TimingDelay_Decrement
 .text.__libc_init_array
                0x0000000008000d5c       0x50 /Users/nathan/Development/stm32/gcc-arm/bin/../lib/gcc/arm-none-eabi/4.9.3/../../../../arm-none-eabi/lib/armv7-m/libc.a(lib_a-init.o)
                0x0000000008000d5c                __libc_init_array
 .text.startup.register_fini
                0x0000000008000dac       0x14 /Users/nathan/Development/stm32/gcc-arm/bin/../lib/gcc/arm-none-eabi/4.9.3/../../../../arm-none-eabi/lib/armv7-m/libc.a(lib_a-__call_atexit.o)
 .text.atexit   0x0000000008000dc0        0xc /Users/nathan/Development/stm32/gcc-arm/bin/../lib/gcc/arm-none-eabi/4.9.3/../../../../arm-none-eabi/lib/armv7-m/libc.a(lib_a-atexit.o)
                0x0000000008000dc0                atexit
 .text.__libc_fini_array
                0x0000000008000dcc       0x2c /Users/nathan/Development/stm32/gcc-arm/bin/../lib/gcc/arm-none-eabi/4.9.3/../../../../arm-none-eabi/lib/armv7-m/libc.a(lib_a-fini.o)
                0x0000000008000dcc                __libc_fini_array
 .text.__register_exitproc
                0x0000000008000df8       0xa4 /Users/nathan/Development/stm32/gcc-arm/bin/../lib/gcc/arm-none-eabi/4.9.3/../../../../arm-none-eabi/lib/armv7-m/libc.a(lib_a-__atexit.o)
                0x0000000008000df8                __register_exitproc
 *(.rodata)
 *(.rodata*)
 .rodata.str1.4
                0x0000000008000e9c        0x4 /Users/nathan/Development/stm32/gcc-arm/bin/../lib/gcc/arm-none-eabi/4.9.3/../../../../arm-none-eabi/lib/armv7-m/libc.a(lib_a-impure.o)
 .rodata._global_impure_ptr
                0x0000000008000ea0        0x4 /Users/nathan/Development/stm32/gcc-arm/bin/../lib/gcc/arm-none-eabi/4.9.3/../../../../arm-none-eabi/lib/armv7-m/libc.a(lib_a-impure.o)
                0x0000000008000ea0                _global_impure_ptr
 *(.glue_7)
 .glue_7        0x0000000000000000        0x0 linker stubs
 *(.glue_7t)
 .glue_7t       0x0000000000000000        0x0 linker stubs
 *(.eh_frame)
 .eh_frame      0x0000000008000ea4        0x0 /Users/nathan/Development/stm32/gcc-arm/bin/../lib/gcc/arm-none-eabi/4.9.3/armv7-m/crtbegin.o
 *(.init)
 .init          0x0000000008000ea4        0x4 /Users/nathan/Development/stm32/gcc-arm/bin/../lib/gcc/arm-none-eabi/4.9.3/armv7-m/crti.o
                0x0000000008000ea4                _init
 .init          0x0000000008000ea8        0x8 /Users/nathan/Development/stm32/gcc-arm/bin/../lib/gcc/arm-none-eabi/4.9.3/armv7-m/crtn.o
 *(.fini)
 .fini          0x0000000008000eb0        0x4 /Users/nathan/Development/stm32/gcc-arm/bin/../lib/gcc/arm-none-eabi/4.9.3/armv7-m/crti.o
                0x0000000008000eb0                _fini
 .fini          0x0000000008000eb4        0x8 /Users/nathan/Development/stm32/gcc-arm/bin/../lib/gcc/arm-none-eabi/4.9.3/armv7-m/crtn.o
                0x0000000008000ebc                . = ALIGN (0x4)
                0x0000000008000ebc                _etext = .

.vfp11_veneer   0x0000000008000ebc        0x0
 .vfp11_veneer  0x0000000000000000        0x0 linker stubs

.v4_bx          0x0000000008000ebc        0x0
 .v4_bx         0x0000000000000000        0x0 linker stubs

.iplt           0x0000000008000ebc        0x0
 .iplt          0x0000000000000000        0x0 /Users/nathan/Development/stm32/gcc-arm/bin/../lib/gcc/arm-none-eabi/4.9.3/armv7-m/crtbegin.o

.rel.dyn        0x0000000008000ebc        0x0
 .rel.iplt      0x0000000000000000        0x0 /Users/nathan/Development/stm32/gcc-arm/bin/../lib/gcc/arm-none-eabi/4.9.3/armv7-m/crtbegin.o

.ARM.extab
 *(.ARM.extab* .gnu.linkonce.armextab.*)

.ARM            0x0000000008000ebc        0x0
                0x0000000008000ebc                __exidx_start = .
 *(.ARM.exidx*)
                0x0000000008000ebc                __exidx_end = .

.preinit_array  0x0000000008000ebc        0x0
                0x0000000008000ebc                PROVIDE (__preinit_array_start, .)
 *(.preinit_array*)
                0x0000000008000ebc                PROVIDE (__preinit_array_end, .)

.init_array     0x0000000008000ebc        0x8
                0x0000000008000ebc                PROVIDE (__init_array_start, .)
 *(SORT(.init_array.*))
 .init_array.00000
                0x0000000008000ebc        0x4 /Users/nathan/Development/stm32/gcc-arm/bin/../lib/gcc/arm-none-eabi/4.9.3/../../../../arm-none-eabi/lib/armv7-m/libc.a(lib_a-__call_atexit.o)
 *(.init_array*)
 .init_array    0x0000000008000ec0        0x4 /Users/nathan/Development/stm32/gcc-arm/bin/../lib/gcc/arm-none-eabi/4.9.3/armv7-m/crtbegin.o
                0x0000000008000ec4                PROVIDE (__init_array_end, .)

.fini_array     0x0000000008000ec4        0x4
                0x0000000008000ec4                PROVIDE (__fini_array_start, .)
 *(.fini_array*)
 .fini_array    0x0000000008000ec4        0x4 /Users/nathan/Development/stm32/gcc-arm/bin/../lib/gcc/arm-none-eabi/4.9.3/armv7-m/crtbegin.o
 *(SORT(.fini_array.*))
                0x0000000008000ec8                PROVIDE (__fini_array_end, .)
                0x0000000008000ec8                _sidata = .

.data           0x0000000020000000      0x428 load address 0x0000000008000ec8
                0x0000000020000000                . = ALIGN (0x4)
                0x0000000020000000                _sdata = .
 *(.data)
 *(.data*)
 .data.impure_data
                0x0000000020000000      0x428 /Users/nathan/Development/stm32/gcc-arm/bin/../lib/gcc/arm-none-eabi/4.9.3/../../../../arm-none-eabi/lib/armv7-m/libc.a(lib_a-impure.o)
                0x0000000020000428                . = ALIGN (0x4)
                0x0000000020000428                _edata = .

.jcr            0x0000000020000428        0x0 load address 0x00000000080012f0
 .jcr           0x0000000020000428        0x0 /Users/nathan/Development/stm32/gcc-arm/bin/../lib/gcc/arm-none-eabi/4.9.3/armv7-m/crtbegin.o

.igot.plt       0x0000000020000428        0x0 load address 0x00000000080012f0
 .igot.plt      0x0000000000000000        0x0 /Users/nathan/Development/stm32/gcc-arm/bin/../lib/gcc/arm-none-eabi/4.9.3/armv7-m/crtbegin.o
                0x0000000020000428                . = ALIGN (0x4)

.bss            0x0000000020000428       0x58 load address 0x00000000080012f0
                0x0000000020000428                _sbss = .
                0x0000000020000428                __bss_start__ = _sbss
 *(.bss)
 .bss           0x0000000020000428       0x1c /Users/nathan/Development/stm32/gcc-arm/bin/../lib/gcc/arm-none-eabi/4.9.3/armv7-m/crtbegin.o
 *(.bss*)
 .bss.TimingDelay
                0x0000000020000444        0x4 ./main.o
 *(COMMON)
 COMMON         0x0000000020000448       0x38 ./main.o
                0x0000000020000448                ADC_InitStructure
                0x0000000020000460                DAC_InitStructure
                0x0000000020000470                GPIO_InitStructure
                0x0000000020000478                NVIC_InitStructure
                0x000000002000047c                ADC_CommonInitStructure
                0x0000000020000480                . = ALIGN (0x4)
                0x0000000020000480                _ebss = .
                0x0000000020000480                __bss_end__ = _ebss
                0x0000000020000480                PROVIDE (end, _ebss)
                0x0000000020000480                PROVIDE (_end, _ebss)

._user_heap_stack
                0x0000000020000480       0x80 load address 0x0000000008001348
                0x0000000020000480                . = ALIGN (0x4)
                0x0000000020000480                . = (. + _Min_Heap_Size)
                0x0000000020000500                . = (. + _Min_Stack_Size)
 *fill*         0x0000000020000480       0x80 
                0x0000000020000500                . = ALIGN (0x4)

.memory_b1_text
 *(.mb1text)
 *(.mb1text*)
 *(.mb1rodata)
 *(.mb1rodata*)

/DISCARD/
 libc.a(*)
 libm.a(*)
 libgcc.a(*)

.ARM.attributes
                0x0000000000000000       0x29
 *(.ARM.attributes)
 .ARM.attributes
                0x0000000000000000       0x1d /Users/nathan/Development/stm32/gcc-arm/bin/../lib/gcc/arm-none-eabi/4.9.3/armv7-m/crti.o
 .ARM.attributes
                0x000000000000001d       0x2d /Users/nathan/Development/stm32/gcc-arm/bin/../lib/gcc/arm-none-eabi/4.9.3/armv7-m/crtbegin.o
 .ARM.attributes
                0x000000000000004a       0x33 ./User/stm32l1xx_it.o
 .ARM.attributes
                0x000000000000007d       0x33 ./STM32L1xx_StdPeriph_Driver/src/stm32l1xx_adc.o
 .ARM.attributes
                0x00000000000000b0       0x33 ./STM32L1xx_StdPeriph_Driver/src/stm32l1xx_dac.o
 .ARM.attributes
                0x00000000000000e3       0x33 ./STM32L1xx_StdPeriph_Driver/src/stm32l1xx_gpio.o
 .ARM.attributes
                0x0000000000000116       0x33 ./STM32L1xx_StdPeriph_Driver/src/stm32l1xx_rcc.o
 .ARM.attributes
                0x0000000000000149       0x21 ./GNU/startup_stm32l1xx_md.o
 .ARM.attributes
                0x000000000000016a       0x33 ./CMSIS/src/system_stm32l1xx.o
 .ARM.attributes
                0x000000000000019d       0x33 ./main.o
 .ARM.attributes
                0x00000000000001d0       0x2d /Users/nathan/Development/stm32/gcc-arm/bin/../lib/gcc/arm-none-eabi/4.9.3/../../../../arm-none-eabi/lib/armv7-m/libc.a(lib_a-impure.o)
 .ARM.attributes
                0x00000000000001fd       0x2d /Users/nathan/Development/stm32/gcc-arm/bin/../lib/gcc/arm-none-eabi/4.9.3/../../../../arm-none-eabi/lib/armv7-m/libc.a(lib_a-init.o)
 .ARM.attributes
                0x000000000000022a       0x2d /Users/nathan/Development/stm32/gcc-arm/bin/../lib/gcc/arm-none-eabi/4.9.3/../../../../arm-none-eabi/lib/armv7-m/libc.a(lib_a-__call_atexit.o)
 .ARM.attributes
                0x0000000000000257       0x2d /Users/nathan/Development/stm32/gcc-arm/bin/../lib/gcc/arm-none-eabi/4.9.3/../../../../arm-none-eabi/lib/armv7-m/libc.a(lib_a-atexit.o)
 .ARM.attributes
                0x0000000000000284       0x2d /Users/nathan/Development/stm32/gcc-arm/bin/../lib/gcc/arm-none-eabi/4.9.3/../../../../arm-none-eabi/lib/armv7-m/libc.a(lib_a-fini.o)
 .ARM.attributes
                0x00000000000002b1       0x2d /Users/nathan/Development/stm32/gcc-arm/bin/../lib/gcc/arm-none-eabi/4.9.3/../../../../arm-none-eabi/lib/armv7-m/libc.a(lib_a-__atexit.o)
 .ARM.attributes
                0x00000000000002de       0x1d /Users/nathan/Development/stm32/gcc-arm/bin/../lib/gcc/arm-none-eabi/4.9.3/armv7-m/crtn.o
OUTPUT(accelerometer.elf elf32-littlearm)

.debug_info     0x0000000000000000     0x312a
 .debug_info    0x0000000000000000      0x150 ./User/stm32l1xx_it.o
 .debug_info    0x0000000000000150      0xcb1 ./STM32L1xx_StdPeriph_Driver/src/stm32l1xx_adc.o
 .debug_info    0x0000000000000e01      0x642 ./STM32L1xx_StdPeriph_Driver/src/stm32l1xx_dac.o
 .debug_info    0x0000000000001443      0x64b ./STM32L1xx_StdPeriph_Driver/src/stm32l1xx_gpio.o
 .debug_info    0x0000000000001a8e      0xa17 ./STM32L1xx_StdPeriph_Driver/src/stm32l1xx_rcc.o
 .debug_info    0x00000000000024a5       0x85 ./GNU/startup_stm32l1xx_md.o
 .debug_info    0x000000000000252a      0x54e ./CMSIS/src/system_stm32l1xx.o
 .debug_info    0x0000000000002a78      0x6b2 ./main.o

.debug_abbrev   0x0000000000000000      0xa15
 .debug_abbrev  0x0000000000000000       0x9a ./User/stm32l1xx_it.o
 .debug_abbrev  0x000000000000009a      0x183 ./STM32L1xx_StdPeriph_Driver/src/stm32l1xx_adc.o
 .debug_abbrev  0x000000000000021d      0x181 ./STM32L1xx_StdPeriph_Driver/src/stm32l1xx_dac.o
 .debug_abbrev  0x000000000000039e      0x1a8 ./STM32L1xx_StdPeriph_Driver/src/stm32l1xx_gpio.o
 .debug_abbrev  0x0000000000000546      0x1e8 ./STM32L1xx_StdPeriph_Driver/src/stm32l1xx_rcc.o
 .debug_abbrev  0x000000000000072e       0x12 ./GNU/startup_stm32l1xx_md.o
 .debug_abbrev  0x0000000000000740      0x14a ./CMSIS/src/system_stm32l1xx.o
 .debug_abbrev  0x000000000000088a      0x18b ./main.o

.debug_aranges  0x0000000000000000      0x4b8
 .debug_aranges
                0x0000000000000000       0x60 ./User/stm32l1xx_it.o
 .debug_aranges
                0x0000000000000060      0x148 ./STM32L1xx_StdPeriph_Driver/src/stm32l1xx_adc.o
 .debug_aranges
                0x00000000000001a8       0xa0 ./STM32L1xx_StdPeriph_Driver/src/stm32l1xx_dac.o
 .debug_aranges
                0x0000000000000248       0x88 ./STM32L1xx_StdPeriph_Driver/src/stm32l1xx_gpio.o
 .debug_aranges
                0x00000000000002d0      0x148 ./STM32L1xx_StdPeriph_Driver/src/stm32l1xx_rcc.o
 .debug_aranges
                0x0000000000000418       0x28 ./GNU/startup_stm32l1xx_md.o
 .debug_aranges
                0x0000000000000440       0x30 ./CMSIS/src/system_stm32l1xx.o
 .debug_aranges
                0x0000000000000470       0x48 ./main.o

.debug_ranges   0x0000000000000000      0x440
 .debug_ranges  0x0000000000000000       0x50 ./User/stm32l1xx_it.o
 .debug_ranges  0x0000000000000050      0x138 ./STM32L1xx_StdPeriph_Driver/src/stm32l1xx_adc.o
 .debug_ranges  0x0000000000000188       0x90 ./STM32L1xx_StdPeriph_Driver/src/stm32l1xx_dac.o
 .debug_ranges  0x0000000000000218       0x78 ./STM32L1xx_StdPeriph_Driver/src/stm32l1xx_gpio.o
 .debug_ranges  0x0000000000000290      0x138 ./STM32L1xx_StdPeriph_Driver/src/stm32l1xx_rcc.o
 .debug_ranges  0x00000000000003c8       0x20 ./GNU/startup_stm32l1xx_md.o
 .debug_ranges  0x00000000000003e8       0x20 ./CMSIS/src/system_stm32l1xx.o
 .debug_ranges  0x0000000000000408       0x38 ./main.o

.debug_macro    0x0000000000000000     0xd7f4
 .debug_macro   0x0000000000000000      0x26d ./User/stm32l1xx_it.o
 .debug_macro   0x000000000000026d      0x874 ./User/stm32l1xx_it.o
 .debug_macro   0x0000000000000ae1       0x6f ./User/stm32l1xx_it.o
 .debug_macro   0x0000000000000b50       0x34 ./User/stm32l1xx_it.o
 .debug_macro   0x0000000000000b84       0x22 ./User/stm32l1xx_it.o
 .debug_macro   0x0000000000000ba6       0x44 ./User/stm32l1xx_it.o
 .debug_macro   0x0000000000000bea       0x1c ./User/stm32l1xx_it.o
 .debug_macro   0x0000000000000c06      0x1f7 ./User/stm32l1xx_it.o
 .debug_macro   0x0000000000000dfd       0x18 ./User/stm32l1xx_it.o
 .debug_macro   0x0000000000000e15      0x735 ./User/stm32l1xx_it.o
 .debug_macro   0x000000000000154a     0x6ba4 ./User/stm32l1xx_it.o
 .debug_macro   0x00000000000080ee      0x43e ./User/stm32l1xx_it.o
 .debug_macro   0x000000000000852c       0xb4 ./User/stm32l1xx_it.o
 .debug_macro   0x00000000000085e0       0xa9 ./User/stm32l1xx_it.o
 .debug_macro   0x0000000000008689      0x17f ./User/stm32l1xx_it.o
 .debug_macro   0x0000000000008808       0x82 ./User/stm32l1xx_it.o
 .debug_macro   0x000000000000888a      0x3ae ./User/stm32l1xx_it.o
 .debug_macro   0x0000000000008c38       0xb9 ./User/stm32l1xx_it.o
 .debug_macro   0x0000000000008cf1      0x422 ./User/stm32l1xx_it.o
 .debug_macro   0x0000000000009113      0x17d ./User/stm32l1xx_it.o
 .debug_macro   0x0000000000009290      0x203 ./User/stm32l1xx_it.o
 .debug_macro   0x0000000000009493      0x2b2 ./User/stm32l1xx_it.o
 .debug_macro   0x0000000000009745       0x64 ./User/stm32l1xx_it.o
 .debug_macro   0x00000000000097a9      0x325 ./User/stm32l1xx_it.o
 .debug_macro   0x0000000000009ace       0xc8 ./User/stm32l1xx_it.o
 .debug_macro   0x0000000000009b96       0xe1 ./User/stm32l1xx_it.o
 .debug_macro   0x0000000000009c77      0x413 ./User/stm32l1xx_it.o
 .debug_macro   0x000000000000a08a      0x5cf ./User/stm32l1xx_it.o
 .debug_macro   0x000000000000a659      0x341 ./User/stm32l1xx_it.o
 .debug_macro   0x000000000000a99a      0x357 ./User/stm32l1xx_it.o
 .debug_macro   0x000000000000acf1      0x421 ./User/stm32l1xx_it.o
 .debug_macro   0x000000000000b112      0x668 ./User/stm32l1xx_it.o
 .debug_macro   0x000000000000b77a      0x220 ./User/stm32l1xx_it.o
 .debug_macro   0x000000000000b99a       0x34 ./User/stm32l1xx_it.o
 .debug_macro   0x000000000000b9ce       0x88 ./User/stm32l1xx_it.o
 .debug_macro   0x000000000000ba56       0x35 ./User/stm32l1xx_it.o
 .debug_macro   0x000000000000ba8b       0x58 ./User/stm32l1xx_it.o
 .debug_macro   0x000000000000bae3       0x35 ./User/stm32l1xx_it.o
 .debug_macro   0x000000000000bb18       0x9c ./User/stm32l1xx_it.o
 .debug_macro   0x000000000000bbb4       0x16 ./User/stm32l1xx_it.o
 .debug_macro   0x000000000000bbca       0x97 ./User/stm32l1xx_it.o
 .debug_macro   0x000000000000bc61      0x29d ./User/stm32l1xx_it.o
 .debug_macro   0x000000000000befe       0xef ./User/stm32l1xx_it.o
 .debug_macro   0x000000000000bfed       0x10 ./User/stm32l1xx_it.o
 .debug_macro   0x000000000000bffd       0x52 ./User/stm32l1xx_it.o
 .debug_macro   0x000000000000c04f       0x16 ./User/stm32l1xx_it.o
 .debug_macro   0x000000000000c065       0x43 ./User/stm32l1xx_it.o
 .debug_macro   0x000000000000c0a8      0x180 ./User/stm32l1xx_it.o
 .debug_macro   0x000000000000c228       0x10 ./User/stm32l1xx_it.o
 .debug_macro   0x000000000000c238       0x22 ./User/stm32l1xx_it.o
 .debug_macro   0x000000000000c25a       0xbd ./User/stm32l1xx_it.o
 .debug_macro   0x000000000000c317       0x16 ./User/stm32l1xx_it.o
 .debug_macro   0x000000000000c32d      0x14a ./User/stm32l1xx_it.o
 .debug_macro   0x000000000000c477      0x228 ./STM32L1xx_StdPeriph_Driver/src/stm32l1xx_adc.o
 .debug_macro   0x000000000000c69f       0xae ./STM32L1xx_StdPeriph_Driver/src/stm32l1xx_adc.o
 .debug_macro   0x000000000000c74d      0x1be ./STM32L1xx_StdPeriph_Driver/src/stm32l1xx_dac.o
 .debug_macro   0x000000000000c90b      0x179 ./STM32L1xx_StdPeriph_Driver/src/stm32l1xx_dac.o
 .debug_macro   0x000000000000ca84      0x192 ./STM32L1xx_StdPeriph_Driver/src/stm32l1xx_gpio.o
 .debug_macro   0x000000000000cc16      0x1fd ./STM32L1xx_StdPeriph_Driver/src/stm32l1xx_gpio.o
 .debug_macro   0x000000000000ce13      0x238 ./STM32L1xx_StdPeriph_Driver/src/stm32l1xx_rcc.o
 .debug_macro   0x000000000000d04b      0x40d ./STM32L1xx_StdPeriph_Driver/src/stm32l1xx_rcc.o
 .debug_macro   0x000000000000d458      0x18f ./CMSIS/src/system_stm32l1xx.o
 .debug_macro   0x000000000000d5e7      0x191 ./main.o
 .debug_macro   0x000000000000d778       0x7c ./main.o

.debug_line     0x0000000000000000     0x3104
 .debug_line    0x0000000000000000      0x686 ./User/stm32l1xx_it.o
 .debug_line    0x0000000000000686      0x8c8 ./STM32L1xx_StdPeriph_Driver/src/stm32l1xx_adc.o
 .debug_line    0x0000000000000f4e      0x6a8 ./STM32L1xx_StdPeriph_Driver/src/stm32l1xx_dac.o
 .debug_line    0x00000000000015f6      0x68f ./STM32L1xx_StdPeriph_Driver/src/stm32l1xx_gpio.o
 .debug_line    0x0000000000001c85      0x86f ./STM32L1xx_StdPeriph_Driver/src/stm32l1xx_rcc.o
 .debug_line    0x00000000000024f4       0x7a ./GNU/startup_stm32l1xx_md.o
 .debug_line    0x000000000000256e      0x5c1 ./CMSIS/src/system_stm32l1xx.o
 .debug_line    0x0000000000002b2f      0x5d5 ./main.o

.debug_str      0x0000000000000000    0x51d69
 .debug_str     0x0000000000000000    0x4feed ./User/stm32l1xx_it.o
                                      0x500ba (size before relaxing)
 .debug_str     0x000000000004feed      0x9c3 ./STM32L1xx_StdPeriph_Driver/src/stm32l1xx_adc.o
                                      0x4db68 (size before relaxing)
 .debug_str     0x00000000000508b0      0x375 ./STM32L1xx_StdPeriph_Driver/src/stm32l1xx_dac.o
                                      0x4d580 (size before relaxing)
 .debug_str     0x0000000000050c25      0x32c ./STM32L1xx_StdPeriph_Driver/src/stm32l1xx_gpio.o
                                      0x4d4ef (size before relaxing)
 .debug_str     0x0000000000050f51      0x9ad ./STM32L1xx_StdPeriph_Driver/src/stm32l1xx_rcc.o
                                      0x4dbcc (size before relaxing)
 .debug_str     0x00000000000518fe      0x11c ./CMSIS/src/system_stm32l1xx.o
                                      0x4d382 (size before relaxing)
 .debug_str     0x0000000000051a1a      0x34f ./main.o
                                      0x4d83a (size before relaxing)

.comment        0x0000000000000000       0x70
 .comment       0x0000000000000000       0x70 ./User/stm32l1xx_it.o
                                         0x71 (size before relaxing)
 .comment       0x0000000000000000       0x71 ./STM32L1xx_StdPeriph_Driver/src/stm32l1xx_adc.o
 .comment       0x0000000000000000       0x71 ./STM32L1xx_StdPeriph_Driver/src/stm32l1xx_dac.o
 .comment       0x0000000000000000       0x71 ./STM32L1xx_StdPeriph_Driver/src/stm32l1xx_gpio.o
 .comment       0x0000000000000000       0x71 ./STM32L1xx_StdPeriph_Driver/src/stm32l1xx_rcc.o
 .comment       0x0000000000000000       0x71 ./CMSIS/src/system_stm32l1xx.o
 .comment       0x0000000000000000       0x71 ./main.o

.debug_frame    0x0000000000000000     0x142c
 .debug_frame   0x0000000000000000      0x10c ./User/stm32l1xx_it.o
 .debug_frame   0x000000000000010c      0x5fc ./STM32L1xx_StdPeriph_Driver/src/stm32l1xx_adc.o
 .debug_frame   0x0000000000000708      0x2ac ./STM32L1xx_StdPeriph_Driver/src/stm32l1xx_dac.o
 .debug_frame   0x00000000000009b4      0x23c ./STM32L1xx_StdPeriph_Driver/src/stm32l1xx_gpio.o
 .debug_frame   0x0000000000000bf0      0x5e4 ./STM32L1xx_StdPeriph_Driver/src/stm32l1xx_rcc.o
 .debug_frame   0x00000000000011d4       0x7c ./CMSIS/src/system_stm32l1xx.o
 .debug_frame   0x0000000000001250       0xd8 ./main.o
 .debug_frame   0x0000000000001328       0x2c /Users/nathan/Development/stm32/gcc-arm/bin/../lib/gcc/arm-none-eabi/4.9.3/../../../../arm-none-eabi/lib/armv7-m/libc.a(lib_a-init.o)
 .debug_frame   0x0000000000001354       0x50 /Users/nathan/Development/stm32/gcc-arm/bin/../lib/gcc/arm-none-eabi/4.9.3/../../../../arm-none-eabi/lib/armv7-m/libc.a(lib_a-__call_atexit.o)
 .debug_frame   0x00000000000013a4       0x20 /Users/nathan/Development/stm32/gcc-arm/bin/../lib/gcc/arm-none-eabi/4.9.3/../../../../arm-none-eabi/lib/armv7-m/libc.a(lib_a-atexit.o)
 .debug_frame   0x00000000000013c4       0x34 /Users/nathan/Development/stm32/gcc-arm/bin/../lib/gcc/arm-none-eabi/4.9.3/../../../../arm-none-eabi/lib/armv7-m/libc.a(lib_a-fini.o)
 .debug_frame   0x00000000000013f8       0x34 /Users/nathan/Development/stm32/gcc-arm/bin/../lib/gcc/arm-none-eabi/4.9.3/../../../../arm-none-eabi/lib/armv7-m/libc.a(lib_a-__atexit.o)

Cross Reference Table

Symbol                                            File
ADC1_IRQHandler                                   ./GNU/startup_stm32l1xx_md.o
ADCVal                                            ./main.o
ADC_AnalogWatchdogCmd                             ./STM32L1xx_StdPeriph_Driver/src/stm32l1xx_adc.o
ADC_AnalogWatchdogSingleChannelConfig             ./STM32L1xx_StdPeriph_Driver/src/stm32l1xx_adc.o
ADC_AnalogWatchdogThresholdsConfig                ./STM32L1xx_StdPeriph_Driver/src/stm32l1xx_adc.o
ADC_AutoInjectedConvCmd                           ./STM32L1xx_StdPeriph_Driver/src/stm32l1xx_adc.o
ADC_BankSelection                                 ./STM32L1xx_StdPeriph_Driver/src/stm32l1xx_adc.o
ADC_ClearFlag                                     ./STM32L1xx_StdPeriph_Driver/src/stm32l1xx_adc.o
ADC_ClearITPendingBit                             ./STM32L1xx_StdPeriph_Driver/src/stm32l1xx_adc.o
ADC_Cmd                                           ./STM32L1xx_StdPeriph_Driver/src/stm32l1xx_adc.o
                                                  ./main.o
ADC_CommonInit                                    ./STM32L1xx_StdPeriph_Driver/src/stm32l1xx_adc.o
                                                  ./main.o
ADC_CommonInitStructure                           ./main.o
ADC_CommonStructInit                              ./STM32L1xx_StdPeriph_Driver/src/stm32l1xx_adc.o
ADC_Config                                        ./main.o
ADC_ContinuousModeCmd                             ./STM32L1xx_StdPeriph_Driver/src/stm32l1xx_adc.o
ADC_DMACmd                                        ./STM32L1xx_StdPeriph_Driver/src/stm32l1xx_adc.o
ADC_DMARequestAfterLastTransferCmd                ./STM32L1xx_StdPeriph_Driver/src/stm32l1xx_adc.o
ADC_DeInit                                        ./STM32L1xx_StdPeriph_Driver/src/stm32l1xx_adc.o
ADC_DelaySelectionConfig                          ./STM32L1xx_StdPeriph_Driver/src/stm32l1xx_adc.o
ADC_DiscModeChannelCountConfig                    ./STM32L1xx_StdPeriph_Driver/src/stm32l1xx_adc.o
ADC_DiscModeCmd                                   ./STM32L1xx_StdPeriph_Driver/src/stm32l1xx_adc.o
ADC_EOCOnEachRegularChannelCmd                    ./STM32L1xx_StdPeriph_Driver/src/stm32l1xx_adc.o
ADC_ExternalTrigInjectedConvConfig                ./STM32L1xx_StdPeriph_Driver/src/stm32l1xx_adc.o
ADC_ExternalTrigInjectedConvEdgeConfig            ./STM32L1xx_StdPeriph_Driver/src/stm32l1xx_adc.o
ADC_GetConversionValue                            ./STM32L1xx_StdPeriph_Driver/src/stm32l1xx_adc.o
                                                  ./main.o
ADC_GetFlagStatus                                 ./STM32L1xx_StdPeriph_Driver/src/stm32l1xx_adc.o
                                                  ./main.o
ADC_GetITStatus                                   ./STM32L1xx_StdPeriph_Driver/src/stm32l1xx_adc.o
ADC_GetInjectedConversionValue                    ./STM32L1xx_StdPeriph_Driver/src/stm32l1xx_adc.o
ADC_GetSoftwareStartConvStatus                    ./STM32L1xx_StdPeriph_Driver/src/stm32l1xx_adc.o
ADC_GetSoftwareStartInjectedConvCmdStatus         ./STM32L1xx_StdPeriph_Driver/src/stm32l1xx_adc.o
ADC_ITConfig                                      ./STM32L1xx_StdPeriph_Driver/src/stm32l1xx_adc.o
                                                  ./main.o
ADC_Init                                          ./STM32L1xx_StdPeriph_Driver/src/stm32l1xx_adc.o
                                                  ./main.o
ADC_InitStructure                                 ./main.o
ADC_InjectedChannelConfig                         ./STM32L1xx_StdPeriph_Driver/src/stm32l1xx_adc.o
ADC_InjectedDiscModeCmd                           ./STM32L1xx_StdPeriph_Driver/src/stm32l1xx_adc.o
ADC_InjectedSequencerLengthConfig                 ./STM32L1xx_StdPeriph_Driver/src/stm32l1xx_adc.o
ADC_PowerDownCmd                                  ./STM32L1xx_StdPeriph_Driver/src/stm32l1xx_adc.o
ADC_RegularChannelConfig                          ./STM32L1xx_StdPeriph_Driver/src/stm32l1xx_adc.o
                                                  ./main.o
ADC_SetInjectedOffset                             ./STM32L1xx_StdPeriph_Driver/src/stm32l1xx_adc.o
ADC_SoftwareStartConv                             ./STM32L1xx_StdPeriph_Driver/src/stm32l1xx_adc.o
                                                  ./main.o
ADC_SoftwareStartInjectedConv                     ./STM32L1xx_StdPeriph_Driver/src/stm32l1xx_adc.o
ADC_StructInit                                    ./STM32L1xx_StdPeriph_Driver/src/stm32l1xx_adc.o
ADC_TempSensorVrefintCmd                          ./STM32L1xx_StdPeriph_Driver/src/stm32l1xx_adc.o
AES_CBC_Decrypt                                   ./STM32L1xx_StdPeriph_Driver/src/stm32l1xx_aes_util.o
AES_CBC_Encrypt                                   ./STM32L1xx_StdPeriph_Driver/src/stm32l1xx_aes_util.o
AES_CTR_Decrypt                                   ./STM32L1xx_StdPeriph_Driver/src/stm32l1xx_aes_util.o
AES_CTR_Encrypt                                   ./STM32L1xx_StdPeriph_Driver/src/stm32l1xx_aes_util.o
AES_ClearFlag                                     ./STM32L1xx_StdPeriph_Driver/src/stm32l1xx_aes.o
                                                  ./STM32L1xx_StdPeriph_Driver/src/stm32l1xx_aes_util.o
AES_ClearITPendingBit                             ./STM32L1xx_StdPeriph_Driver/src/stm32l1xx_aes.o
AES_Cmd                                           ./STM32L1xx_StdPeriph_Driver/src/stm32l1xx_aes.o
                                                  ./STM32L1xx_StdPeriph_Driver/src/stm32l1xx_aes_util.o
AES_DMAConfig                                     ./STM32L1xx_StdPeriph_Driver/src/stm32l1xx_aes.o
AES_DeInit                                        ./STM32L1xx_StdPeriph_Driver/src/stm32l1xx_aes.o
AES_ECB_Decrypt                                   ./STM32L1xx_StdPeriph_Driver/src/stm32l1xx_aes_util.o
AES_ECB_Encrypt                                   ./STM32L1xx_StdPeriph_Driver/src/stm32l1xx_aes_util.o
AES_GetFlagStatus                                 ./STM32L1xx_StdPeriph_Driver/src/stm32l1xx_aes.o
                                                  ./STM32L1xx_StdPeriph_Driver/src/stm32l1xx_aes_util.o
AES_GetITStatus                                   ./STM32L1xx_StdPeriph_Driver/src/stm32l1xx_aes.o
AES_ITConfig                                      ./STM32L1xx_StdPeriph_Driver/src/stm32l1xx_aes.o
AES_IVInit                                        ./STM32L1xx_StdPeriph_Driver/src/stm32l1xx_aes.o
                                                  ./STM32L1xx_StdPeriph_Driver/src/stm32l1xx_aes_util.o
AES_IVStructInit                                  ./STM32L1xx_StdPeriph_Driver/src/stm32l1xx_aes.o
AES_Init                                          ./STM32L1xx_StdPeriph_Driver/src/stm32l1xx_aes.o
                                                  ./STM32L1xx_StdPeriph_Driver/src/stm32l1xx_aes_util.o
AES_KeyInit                                       ./STM32L1xx_StdPeriph_Driver/src/stm32l1xx_aes.o
                                                  ./STM32L1xx_StdPeriph_Driver/src/stm32l1xx_aes_util.o
AES_KeyStructInit                                 ./STM32L1xx_StdPeriph_Driver/src/stm32l1xx_aes.o
AES_ReadIV                                        ./STM32L1xx_StdPeriph_Driver/src/stm32l1xx_aes.o
AES_ReadKey                                       ./STM32L1xx_StdPeriph_Driver/src/stm32l1xx_aes.o
AES_ReadSubData                                   ./STM32L1xx_StdPeriph_Driver/src/stm32l1xx_aes.o
                                                  ./STM32L1xx_StdPeriph_Driver/src/stm32l1xx_aes_util.o
AES_StructInit                                    ./STM32L1xx_StdPeriph_Driver/src/stm32l1xx_aes.o
AES_WriteSubData                                  ./STM32L1xx_StdPeriph_Driver/src/stm32l1xx_aes.o
                                                  ./STM32L1xx_StdPeriph_Driver/src/stm32l1xx_aes_util.o
AHBPrescTable                                     ./CMSIS/src/system_stm32l1xx.o
BusFault_Handler                                  ./User/stm32l1xx_it.o
COMP_Cmd                                          ./STM32L1xx_StdPeriph_Driver/src/stm32l1xx_comp.o
COMP_DeInit                                       ./STM32L1xx_StdPeriph_Driver/src/stm32l1xx_comp.o
COMP_GetOutputLevel                               ./STM32L1xx_StdPeriph_Driver/src/stm32l1xx_comp.o
COMP_IRQHandler                                   ./GNU/startup_stm32l1xx_md.o
COMP_Init                                         ./STM32L1xx_StdPeriph_Driver/src/stm32l1xx_comp.o
COMP_SW1SwitchConfig                              ./STM32L1xx_StdPeriph_Driver/src/stm32l1xx_comp.o
COMP_VrefintOutputCmd                             ./STM32L1xx_StdPeriph_Driver/src/stm32l1xx_comp.o
COMP_WindowCmd                                    ./STM32L1xx_StdPeriph_Driver/src/stm32l1xx_comp.o
CRC_CalcBlockCRC                                  ./STM32L1xx_StdPeriph_Driver/src/stm32l1xx_crc.o
CRC_CalcCRC                                       ./STM32L1xx_StdPeriph_Driver/src/stm32l1xx_crc.o
CRC_GetCRC                                        ./STM32L1xx_StdPeriph_Driver/src/stm32l1xx_crc.o
CRC_GetIDRegister                                 ./STM32L1xx_StdPeriph_Driver/src/stm32l1xx_crc.o
CRC_ResetDR                                       ./STM32L1xx_StdPeriph_Driver/src/stm32l1xx_crc.o
CRC_SetIDRegister                                 ./STM32L1xx_StdPeriph_Driver/src/stm32l1xx_crc.o
DAC_ClearFlag                                     ./STM32L1xx_StdPeriph_Driver/src/stm32l1xx_dac.o
DAC_ClearITPendingBit                             ./STM32L1xx_StdPeriph_Driver/src/stm32l1xx_dac.o
DAC_Cmd                                           ./STM32L1xx_StdPeriph_Driver/src/stm32l1xx_dac.o
                                                  ./main.o
DAC_Config                                        ./main.o
DAC_DMACmd                                        ./STM32L1xx_StdPeriph_Driver/src/stm32l1xx_dac.o
DAC_DeInit                                        ./STM32L1xx_StdPeriph_Driver/src/stm32l1xx_dac.o
DAC_DualSoftwareTriggerCmd                        ./STM32L1xx_StdPeriph_Driver/src/stm32l1xx_dac.o
DAC_GetDataOutputValue                            ./STM32L1xx_StdPeriph_Driver/src/stm32l1xx_dac.o
DAC_GetFlagStatus                                 ./STM32L1xx_StdPeriph_Driver/src/stm32l1xx_dac.o
DAC_GetITStatus                                   ./STM32L1xx_StdPeriph_Driver/src/stm32l1xx_dac.o
DAC_IRQHandler                                    ./GNU/startup_stm32l1xx_md.o
DAC_ITConfig                                      ./STM32L1xx_StdPeriph_Driver/src/stm32l1xx_dac.o
DAC_Init                                          ./STM32L1xx_StdPeriph_Driver/src/stm32l1xx_dac.o
                                                  ./main.o
DAC_InitStructure                                 ./main.o
DAC_SetChannel1Data                               ./STM32L1xx_StdPeriph_Driver/src/stm32l1xx_dac.o
DAC_SetChannel2Data                               ./STM32L1xx_StdPeriph_Driver/src/stm32l1xx_dac.o
DAC_SetDualChannelData                            ./STM32L1xx_StdPeriph_Driver/src/stm32l1xx_dac.o
DAC_SoftwareTriggerCmd                            ./STM32L1xx_StdPeriph_Driver/src/stm32l1xx_dac.o
DAC_StructInit                                    ./STM32L1xx_StdPeriph_Driver/src/stm32l1xx_dac.o
DAC_WaveGenerationCmd                             ./STM32L1xx_StdPeriph_Driver/src/stm32l1xx_dac.o
DATA_EEPROM_EraseByte                             ./STM32L1xx_StdPeriph_Driver/src/stm32l1xx_flash.o
DATA_EEPROM_EraseDoubleWord                       ./STM32L1xx_StdPeriph_Driver/src/stm32l1xx_flash_ramfunc.o
DATA_EEPROM_EraseHalfWord                         ./STM32L1xx_StdPeriph_Driver/src/stm32l1xx_flash.o
DATA_EEPROM_EraseWord                             ./STM32L1xx_StdPeriph_Driver/src/stm32l1xx_flash.o
DATA_EEPROM_FastProgramByte                       ./STM32L1xx_StdPeriph_Driver/src/stm32l1xx_flash.o
DATA_EEPROM_FastProgramHalfWord                   ./STM32L1xx_StdPeriph_Driver/src/stm32l1xx_flash.o
DATA_EEPROM_FastProgramWord                       ./STM32L1xx_StdPeriph_Driver/src/stm32l1xx_flash.o
DATA_EEPROM_FixedTimeProgramCmd                   ./STM32L1xx_StdPeriph_Driver/src/stm32l1xx_flash.o
DATA_EEPROM_Lock                                  ./STM32L1xx_StdPeriph_Driver/src/stm32l1xx_flash.o
DATA_EEPROM_ProgramByte                           ./STM32L1xx_StdPeriph_Driver/src/stm32l1xx_flash.o
DATA_EEPROM_ProgramDoubleWord                     ./STM32L1xx_StdPeriph_Driver/src/stm32l1xx_flash_ramfunc.o
DATA_EEPROM_ProgramHalfWord                       ./STM32L1xx_StdPeriph_Driver/src/stm32l1xx_flash.o
DATA_EEPROM_ProgramWord                           ./STM32L1xx_StdPeriph_Driver/src/stm32l1xx_flash.o
DATA_EEPROM_Unlock                                ./STM32L1xx_StdPeriph_Driver/src/stm32l1xx_flash.o
DBGMCU_APB1PeriphConfig                           ./STM32L1xx_StdPeriph_Driver/src/stm32l1xx_dbgmcu.o
DBGMCU_APB2PeriphConfig                           ./STM32L1xx_StdPeriph_Driver/src/stm32l1xx_dbgmcu.o
DBGMCU_Config                                     ./STM32L1xx_StdPeriph_Driver/src/stm32l1xx_dbgmcu.o
DBGMCU_GetDEVID                                   ./STM32L1xx_StdPeriph_Driver/src/stm32l1xx_dbgmcu.o
DBGMCU_GetREVID                                   ./STM32L1xx_StdPeriph_Driver/src/stm32l1xx_dbgmcu.o
DMA1_Channel1_IRQHandler                          ./GNU/startup_stm32l1xx_md.o
DMA1_Channel2_IRQHandler                          ./GNU/startup_stm32l1xx_md.o
DMA1_Channel3_IRQHandler                          ./GNU/startup_stm32l1xx_md.o
DMA1_Channel4_IRQHandler                          ./GNU/startup_stm32l1xx_md.o
DMA1_Channel5_IRQHandler                          ./GNU/startup_stm32l1xx_md.o
DMA1_Channel6_IRQHandler                          ./GNU/startup_stm32l1xx_md.o
DMA1_Channel7_IRQHandler                          ./GNU/startup_stm32l1xx_md.o
DMA_ClearFlag                                     ./STM32L1xx_StdPeriph_Driver/src/stm32l1xx_dma.o
DMA_ClearITPendingBit                             ./STM32L1xx_StdPeriph_Driver/src/stm32l1xx_dma.o
DMA_Cmd                                           ./STM32L1xx_StdPeriph_Driver/src/stm32l1xx_dma.o
DMA_DeInit                                        ./STM32L1xx_StdPeriph_Driver/src/stm32l1xx_dma.o
DMA_GetCurrDataCounter                            ./STM32L1xx_StdPeriph_Driver/src/stm32l1xx_dma.o
DMA_GetFlagStatus                                 ./STM32L1xx_StdPeriph_Driver/src/stm32l1xx_dma.o
DMA_GetITStatus                                   ./STM32L1xx_StdPeriph_Driver/src/stm32l1xx_dma.o
DMA_ITConfig                                      ./STM32L1xx_StdPeriph_Driver/src/stm32l1xx_dma.o
DMA_Init                                          ./STM32L1xx_StdPeriph_Driver/src/stm32l1xx_dma.o
DMA_SetCurrDataCounter                            ./STM32L1xx_StdPeriph_Driver/src/stm32l1xx_dma.o
DMA_StructInit                                    ./STM32L1xx_StdPeriph_Driver/src/stm32l1xx_dma.o
DebugMon_Handler                                  ./User/stm32l1xx_it.o
Default_Handler                                   ./GNU/startup_stm32l1xx_md.o
Delay                                             ./main.o
EXTI0_IRQHandler                                  ./GNU/startup_stm32l1xx_md.o
EXTI15_10_IRQHandler                              ./GNU/startup_stm32l1xx_md.o
EXTI1_IRQHandler                                  ./GNU/startup_stm32l1xx_md.o
EXTI2_IRQHandler                                  ./GNU/startup_stm32l1xx_md.o
EXTI3_IRQHandler                                  ./GNU/startup_stm32l1xx_md.o
EXTI4_IRQHandler                                  ./GNU/startup_stm32l1xx_md.o
EXTI9_5_IRQHandler                                ./GNU/startup_stm32l1xx_md.o
EXTI_ClearFlag                                    ./STM32L1xx_StdPeriph_Driver/src/stm32l1xx_exti.o
EXTI_ClearITPendingBit                            ./STM32L1xx_StdPeriph_Driver/src/stm32l1xx_exti.o
EXTI_DeInit                                       ./STM32L1xx_StdPeriph_Driver/src/stm32l1xx_exti.o
EXTI_GenerateSWInterrupt                          ./STM32L1xx_StdPeriph_Driver/src/stm32l1xx_exti.o
EXTI_GetFlagStatus                                ./STM32L1xx_StdPeriph_Driver/src/stm32l1xx_exti.o
EXTI_GetITStatus                                  ./STM32L1xx_StdPeriph_Driver/src/stm32l1xx_exti.o
EXTI_Init                                         ./STM32L1xx_StdPeriph_Driver/src/stm32l1xx_exti.o
EXTI_StructInit                                   ./STM32L1xx_StdPeriph_Driver/src/stm32l1xx_exti.o
FLASH_ClearFlag                                   ./STM32L1xx_StdPeriph_Driver/src/stm32l1xx_flash.o
FLASH_ErasePage                                   ./STM32L1xx_StdPeriph_Driver/src/stm32l1xx_flash.o
FLASH_EraseParallelPage                           ./STM32L1xx_StdPeriph_Driver/src/stm32l1xx_flash_ramfunc.o
FLASH_FastProgramWord                             ./STM32L1xx_StdPeriph_Driver/src/stm32l1xx_flash.o
FLASH_GetFlagStatus                               ./STM32L1xx_StdPeriph_Driver/src/stm32l1xx_flash.o
FLASH_GetStatus                                   ./STM32L1xx_StdPeriph_Driver/src/stm32l1xx_flash.o
FLASH_IRQHandler                                  ./GNU/startup_stm32l1xx_md.o
FLASH_ITConfig                                    ./STM32L1xx_StdPeriph_Driver/src/stm32l1xx_flash.o
FLASH_Lock                                        ./STM32L1xx_StdPeriph_Driver/src/stm32l1xx_flash.o
FLASH_OB_BORConfig                                ./STM32L1xx_StdPeriph_Driver/src/stm32l1xx_flash.o
FLASH_OB_BootConfig                               ./STM32L1xx_StdPeriph_Driver/src/stm32l1xx_flash.o
FLASH_OB_GetBOR                                   ./STM32L1xx_StdPeriph_Driver/src/stm32l1xx_flash.o
FLASH_OB_GetRDP                                   ./STM32L1xx_StdPeriph_Driver/src/stm32l1xx_flash.o
FLASH_OB_GetSPRMOD                                ./STM32L1xx_StdPeriph_Driver/src/stm32l1xx_flash.o
FLASH_OB_GetUser                                  ./STM32L1xx_StdPeriph_Driver/src/stm32l1xx_flash.o
FLASH_OB_GetWRP                                   ./STM32L1xx_StdPeriph_Driver/src/stm32l1xx_flash.o
FLASH_OB_GetWRP1                                  ./STM32L1xx_StdPeriph_Driver/src/stm32l1xx_flash.o
FLASH_OB_GetWRP2                                  ./STM32L1xx_StdPeriph_Driver/src/stm32l1xx_flash.o
FLASH_OB_Launch                                   ./STM32L1xx_StdPeriph_Driver/src/stm32l1xx_flash.o
FLASH_OB_Lock                                     ./STM32L1xx_StdPeriph_Driver/src/stm32l1xx_flash.o
FLASH_OB_PCROP1Config                             ./STM32L1xx_StdPeriph_Driver/src/stm32l1xx_flash.o
FLASH_OB_PCROPConfig                              ./STM32L1xx_StdPeriph_Driver/src/stm32l1xx_flash.o
FLASH_OB_PCROPSelectionConfig                     ./STM32L1xx_StdPeriph_Driver/src/stm32l1xx_flash.o
FLASH_OB_RDPConfig                                ./STM32L1xx_StdPeriph_Driver/src/stm32l1xx_flash.o
FLASH_OB_Unlock                                   ./STM32L1xx_StdPeriph_Driver/src/stm32l1xx_flash.o
FLASH_OB_UserConfig                               ./STM32L1xx_StdPeriph_Driver/src/stm32l1xx_flash.o
FLASH_OB_WRP1Config                               ./STM32L1xx_StdPeriph_Driver/src/stm32l1xx_flash.o
FLASH_OB_WRP2Config                               ./STM32L1xx_StdPeriph_Driver/src/stm32l1xx_flash.o
FLASH_OB_WRPConfig                                ./STM32L1xx_StdPeriph_Driver/src/stm32l1xx_flash.o
FLASH_PrefetchBufferCmd                           ./STM32L1xx_StdPeriph_Driver/src/stm32l1xx_flash.o
FLASH_ProgramHalfPage                             ./STM32L1xx_StdPeriph_Driver/src/stm32l1xx_flash_ramfunc.o
FLASH_ProgramParallelHalfPage                     ./STM32L1xx_StdPeriph_Driver/src/stm32l1xx_flash_ramfunc.o
FLASH_RUNPowerDownCmd                             ./STM32L1xx_StdPeriph_Driver/src/stm32l1xx_flash_ramfunc.o
FLASH_ReadAccess64Cmd                             ./STM32L1xx_StdPeriph_Driver/src/stm32l1xx_flash.o
FLASH_SLEEPPowerDownCmd                           ./STM32L1xx_StdPeriph_Driver/src/stm32l1xx_flash.o
FLASH_SetLatency                                  ./STM32L1xx_StdPeriph_Driver/src/stm32l1xx_flash.o
FLASH_Unlock                                      ./STM32L1xx_StdPeriph_Driver/src/stm32l1xx_flash.o
FLASH_WaitForLastOperation                        ./STM32L1xx_StdPeriph_Driver/src/stm32l1xx_flash.o
FSMC_NORSRAMCmd                                   ./STM32L1xx_StdPeriph_Driver/src/stm32l1xx_fsmc.o
FSMC_NORSRAMDeInit                                ./STM32L1xx_StdPeriph_Driver/src/stm32l1xx_fsmc.o
FSMC_NORSRAMInit                                  ./STM32L1xx_StdPeriph_Driver/src/stm32l1xx_fsmc.o
FSMC_NORSRAMStructInit                            ./STM32L1xx_StdPeriph_Driver/src/stm32l1xx_fsmc.o
GPIO_DeInit                                       ./STM32L1xx_StdPeriph_Driver/src/stm32l1xx_gpio.o
GPIO_Init                                         ./STM32L1xx_StdPeriph_Driver/src/stm32l1xx_gpio.o
                                                  ./main.o
GPIO_InitStructure                                ./main.o
GPIO_PinAFConfig                                  ./STM32L1xx_StdPeriph_Driver/src/stm32l1xx_gpio.o
GPIO_PinLockConfig                                ./STM32L1xx_StdPeriph_Driver/src/stm32l1xx_gpio.o
GPIO_ReadInputData                                ./STM32L1xx_StdPeriph_Driver/src/stm32l1xx_gpio.o
GPIO_ReadInputDataBit                             ./STM32L1xx_StdPeriph_Driver/src/stm32l1xx_gpio.o
GPIO_ReadOutputData                               ./STM32L1xx_StdPeriph_Driver/src/stm32l1xx_gpio.o
GPIO_ReadOutputDataBit                            ./STM32L1xx_StdPeriph_Driver/src/stm32l1xx_gpio.o
GPIO_ResetBits                                    ./STM32L1xx_StdPeriph_Driver/src/stm32l1xx_gpio.o
GPIO_SetBits                                      ./STM32L1xx_StdPeriph_Driver/src/stm32l1xx_gpio.o
GPIO_StructInit                                   ./STM32L1xx_StdPeriph_Driver/src/stm32l1xx_gpio.o
GPIO_ToggleBits                                   ./STM32L1xx_StdPeriph_Driver/src/stm32l1xx_gpio.o
GPIO_Write                                        ./STM32L1xx_StdPeriph_Driver/src/stm32l1xx_gpio.o
GPIO_WriteBit                                     ./STM32L1xx_StdPeriph_Driver/src/stm32l1xx_gpio.o
HardFault_Handler                                 ./User/stm32l1xx_it.o
I2C1_ER_IRQHandler                                ./GNU/startup_stm32l1xx_md.o
I2C1_EV_IRQHandler                                ./GNU/startup_stm32l1xx_md.o
I2C2_ER_IRQHandler                                ./GNU/startup_stm32l1xx_md.o
I2C2_EV_IRQHandler                                ./GNU/startup_stm32l1xx_md.o
I2C_ARPCmd                                        ./STM32L1xx_StdPeriph_Driver/src/stm32l1xx_i2c.o
I2C_AcknowledgeConfig                             ./STM32L1xx_StdPeriph_Driver/src/stm32l1xx_i2c.o
I2C_CalculatePEC                                  ./STM32L1xx_StdPeriph_Driver/src/stm32l1xx_i2c.o
I2C_CheckEvent                                    ./STM32L1xx_StdPeriph_Driver/src/stm32l1xx_i2c.o
I2C_ClearFlag                                     ./STM32L1xx_StdPeriph_Driver/src/stm32l1xx_i2c.o
I2C_ClearITPendingBit                             ./STM32L1xx_StdPeriph_Driver/src/stm32l1xx_i2c.o
I2C_Cmd                                           ./STM32L1xx_StdPeriph_Driver/src/stm32l1xx_i2c.o
I2C_DMACmd                                        ./STM32L1xx_StdPeriph_Driver/src/stm32l1xx_i2c.o
I2C_DMALastTransferCmd                            ./STM32L1xx_StdPeriph_Driver/src/stm32l1xx_i2c.o
I2C_DeInit                                        ./STM32L1xx_StdPeriph_Driver/src/stm32l1xx_i2c.o
I2C_DualAddressCmd                                ./STM32L1xx_StdPeriph_Driver/src/stm32l1xx_i2c.o
I2C_FastModeDutyCycleConfig                       ./STM32L1xx_StdPeriph_Driver/src/stm32l1xx_i2c.o
I2C_GeneralCallCmd                                ./STM32L1xx_StdPeriph_Driver/src/stm32l1xx_i2c.o
I2C_GenerateSTART                                 ./STM32L1xx_StdPeriph_Driver/src/stm32l1xx_i2c.o
I2C_GenerateSTOP                                  ./STM32L1xx_StdPeriph_Driver/src/stm32l1xx_i2c.o
I2C_GetFlagStatus                                 ./STM32L1xx_StdPeriph_Driver/src/stm32l1xx_i2c.o
I2C_GetITStatus                                   ./STM32L1xx_StdPeriph_Driver/src/stm32l1xx_i2c.o
I2C_GetLastEvent                                  ./STM32L1xx_StdPeriph_Driver/src/stm32l1xx_i2c.o
I2C_GetPEC                                        ./STM32L1xx_StdPeriph_Driver/src/stm32l1xx_i2c.o
I2C_ITConfig                                      ./STM32L1xx_StdPeriph_Driver/src/stm32l1xx_i2c.o
I2C_Init                                          ./STM32L1xx_StdPeriph_Driver/src/stm32l1xx_i2c.o
I2C_NACKPositionConfig                            ./STM32L1xx_StdPeriph_Driver/src/stm32l1xx_i2c.o
I2C_OwnAddress2Config                             ./STM32L1xx_StdPeriph_Driver/src/stm32l1xx_i2c.o
I2C_PECPositionConfig                             ./STM32L1xx_StdPeriph_Driver/src/stm32l1xx_i2c.o
I2C_ReadRegister                                  ./STM32L1xx_StdPeriph_Driver/src/stm32l1xx_i2c.o
I2C_ReceiveData                                   ./STM32L1xx_StdPeriph_Driver/src/stm32l1xx_i2c.o
I2C_SMBusAlertConfig                              ./STM32L1xx_StdPeriph_Driver/src/stm32l1xx_i2c.o
I2C_Send7bitAddress                               ./STM32L1xx_StdPeriph_Driver/src/stm32l1xx_i2c.o
I2C_SendData                                      ./STM32L1xx_StdPeriph_Driver/src/stm32l1xx_i2c.o
I2C_SoftwareResetCmd                              ./STM32L1xx_StdPeriph_Driver/src/stm32l1xx_i2c.o
I2C_StretchClockCmd                               ./STM32L1xx_StdPeriph_Driver/src/stm32l1xx_i2c.o
I2C_StructInit                                    ./STM32L1xx_StdPeriph_Driver/src/stm32l1xx_i2c.o
I2C_TransmitPEC                                   ./STM32L1xx_StdPeriph_Driver/src/stm32l1xx_i2c.o
I2S_Cmd                                           ./STM32L1xx_StdPeriph_Driver/src/stm32l1xx_spi.o
I2S_Init                                          ./STM32L1xx_StdPeriph_Driver/src/stm32l1xx_spi.o
I2S_StructInit                                    ./STM32L1xx_StdPeriph_Driver/src/stm32l1xx_spi.o
IWDG_Enable                                       ./STM32L1xx_StdPeriph_Driver/src/stm32l1xx_iwdg.o
IWDG_GetFlagStatus                                ./STM32L1xx_StdPeriph_Driver/src/stm32l1xx_iwdg.o
IWDG_ReloadCounter                                ./STM32L1xx_StdPeriph_Driver/src/stm32l1xx_iwdg.o
IWDG_SetPrescaler                                 ./STM32L1xx_StdPeriph_Driver/src/stm32l1xx_iwdg.o
IWDG_SetReload                                    ./STM32L1xx_StdPeriph_Driver/src/stm32l1xx_iwdg.o
IWDG_WriteAccessCmd                               ./STM32L1xx_StdPeriph_Driver/src/stm32l1xx_iwdg.o
LCD_BlinkConfig                                   ./STM32L1xx_StdPeriph_Driver/src/stm32l1xx_lcd.o
LCD_ClearFlag                                     ./STM32L1xx_StdPeriph_Driver/src/stm32l1xx_lcd.o
LCD_ClearITPendingBit                             ./STM32L1xx_StdPeriph_Driver/src/stm32l1xx_lcd.o
LCD_Cmd                                           ./STM32L1xx_StdPeriph_Driver/src/stm32l1xx_lcd.o
LCD_ContrastConfig                                ./STM32L1xx_StdPeriph_Driver/src/stm32l1xx_lcd.o
LCD_DeInit                                        ./STM32L1xx_StdPeriph_Driver/src/stm32l1xx_lcd.o
LCD_DeadTimeConfig                                ./STM32L1xx_StdPeriph_Driver/src/stm32l1xx_lcd.o
LCD_GetFlagStatus                                 ./STM32L1xx_StdPeriph_Driver/src/stm32l1xx_lcd.o
LCD_GetITStatus                                   ./STM32L1xx_StdPeriph_Driver/src/stm32l1xx_lcd.o
LCD_HighDriveCmd                                  ./STM32L1xx_StdPeriph_Driver/src/stm32l1xx_lcd.o
LCD_IRQHandler                                    ./GNU/startup_stm32l1xx_md.o
LCD_ITConfig                                      ./STM32L1xx_StdPeriph_Driver/src/stm32l1xx_lcd.o
LCD_Init                                          ./STM32L1xx_StdPeriph_Driver/src/stm32l1xx_lcd.o
LCD_MuxSegmentCmd                                 ./STM32L1xx_StdPeriph_Driver/src/stm32l1xx_lcd.o
LCD_PulseOnDurationConfig                         ./STM32L1xx_StdPeriph_Driver/src/stm32l1xx_lcd.o
LCD_StructInit                                    ./STM32L1xx_StdPeriph_Driver/src/stm32l1xx_lcd.o
LCD_UpdateDisplayRequest                          ./STM32L1xx_StdPeriph_Driver/src/stm32l1xx_lcd.o
LCD_WaitForSynchro                                ./STM32L1xx_StdPeriph_Driver/src/stm32l1xx_lcd.o
LCD_Write                                         ./STM32L1xx_StdPeriph_Driver/src/stm32l1xx_lcd.o
MemManage_Handler                                 ./User/stm32l1xx_it.o
NMI_Handler                                       ./User/stm32l1xx_it.o
NVIC_Init                                         ./STM32L1xx_StdPeriph_Driver/src/misc.o
NVIC_InitStructure                                ./main.o
NVIC_PriorityGroupConfig                          ./STM32L1xx_StdPeriph_Driver/src/misc.o
NVIC_SetVectorTable                               ./STM32L1xx_StdPeriph_Driver/src/misc.o
NVIC_SystemLPConfig                               ./STM32L1xx_StdPeriph_Driver/src/misc.o
OPAMP_Cmd                                         ./STM32L1xx_StdPeriph_Driver/src/stm32l1xx_opamp.o
OPAMP_DeInit                                      ./STM32L1xx_StdPeriph_Driver/src/stm32l1xx_opamp.o
OPAMP_GetFlagStatus                               ./STM32L1xx_StdPeriph_Driver/src/stm32l1xx_opamp.o
OPAMP_LowPowerCmd                                 ./STM32L1xx_StdPeriph_Driver/src/stm32l1xx_opamp.o
OPAMP_OffsetTrimConfig                            ./STM32L1xx_StdPeriph_Driver/src/stm32l1xx_opamp.o
OPAMP_OffsetTrimLowPowerConfig                    ./STM32L1xx_StdPeriph_Driver/src/stm32l1xx_opamp.o
OPAMP_OffsetTrimmingModeSelect                    ./STM32L1xx_StdPeriph_Driver/src/stm32l1xx_opamp.o
OPAMP_PowerRangeSelect                            ./STM32L1xx_StdPeriph_Driver/src/stm32l1xx_opamp.o
OPAMP_SwitchCmd                                   ./STM32L1xx_StdPeriph_Driver/src/stm32l1xx_opamp.o
PLLMulTable                                       ./CMSIS/src/system_stm32l1xx.o
PVD_IRQHandler                                    ./GNU/startup_stm32l1xx_md.o
PWR_ClearFlag                                     ./STM32L1xx_StdPeriph_Driver/src/stm32l1xx_pwr.o
PWR_DeInit                                        ./STM32L1xx_StdPeriph_Driver/src/stm32l1xx_pwr.o
PWR_EnterLowPowerRunMode                          ./STM32L1xx_StdPeriph_Driver/src/stm32l1xx_pwr.o
PWR_EnterSTANDBYMode                              ./STM32L1xx_StdPeriph_Driver/src/stm32l1xx_pwr.o
PWR_EnterSTOPMode                                 ./STM32L1xx_StdPeriph_Driver/src/stm32l1xx_pwr.o
PWR_EnterSleepMode                                ./STM32L1xx_StdPeriph_Driver/src/stm32l1xx_pwr.o
PWR_FastWakeUpCmd                                 ./STM32L1xx_StdPeriph_Driver/src/stm32l1xx_pwr.o
PWR_GetFlagStatus                                 ./STM32L1xx_StdPeriph_Driver/src/stm32l1xx_pwr.o
PWR_PVDCmd                                        ./STM32L1xx_StdPeriph_Driver/src/stm32l1xx_pwr.o
PWR_PVDLevelConfig                                ./STM32L1xx_StdPeriph_Driver/src/stm32l1xx_pwr.o
PWR_RTCAccessCmd                                  ./STM32L1xx_StdPeriph_Driver/src/stm32l1xx_pwr.o
PWR_UltraLowPowerCmd                              ./STM32L1xx_StdPeriph_Driver/src/stm32l1xx_pwr.o
PWR_VoltageScalingConfig                          ./STM32L1xx_StdPeriph_Driver/src/stm32l1xx_pwr.o
PWR_WakeUpPinCmd                                  ./STM32L1xx_StdPeriph_Driver/src/stm32l1xx_pwr.o
PendSV_Handler                                    ./User/stm32l1xx_it.o
RCC_AHBPeriphClockCmd                             ./STM32L1xx_StdPeriph_Driver/src/stm32l1xx_rcc.o
                                                  ./main.o
RCC_AHBPeriphClockLPModeCmd                       ./STM32L1xx_StdPeriph_Driver/src/stm32l1xx_rcc.o
RCC_AHBPeriphResetCmd                             ./STM32L1xx_StdPeriph_Driver/src/stm32l1xx_rcc.o
                                                  ./STM32L1xx_StdPeriph_Driver/src/stm32l1xx_gpio.o
                                                  ./STM32L1xx_StdPeriph_Driver/src/stm32l1xx_aes.o
RCC_APB1PeriphClockCmd                            ./STM32L1xx_StdPeriph_Driver/src/stm32l1xx_rcc.o
                                                  ./main.o
RCC_APB1PeriphClockLPModeCmd                      ./STM32L1xx_StdPeriph_Driver/src/stm32l1xx_rcc.o
RCC_APB1PeriphResetCmd                            ./STM32L1xx_StdPeriph_Driver/src/stm32l1xx_rcc.o
                                                  ./STM32L1xx_StdPeriph_Driver/src/stm32l1xx_wwdg.o
                                                  ./STM32L1xx_StdPeriph_Driver/src/stm32l1xx_usart.o
                                                  ./STM32L1xx_StdPeriph_Driver/src/stm32l1xx_tim.o
                                                  ./STM32L1xx_StdPeriph_Driver/src/stm32l1xx_spi.o
                                                  ./STM32L1xx_StdPeriph_Driver/src/stm32l1xx_pwr.o
                                                  ./STM32L1xx_StdPeriph_Driver/src/stm32l1xx_lcd.o
                                                  ./STM32L1xx_StdPeriph_Driver/src/stm32l1xx_i2c.o
                                                  ./STM32L1xx_StdPeriph_Driver/src/stm32l1xx_dac.o
RCC_APB2PeriphClockCmd                            ./STM32L1xx_StdPeriph_Driver/src/stm32l1xx_rcc.o
                                                  ./main.o
RCC_APB2PeriphClockLPModeCmd                      ./STM32L1xx_StdPeriph_Driver/src/stm32l1xx_rcc.o
RCC_APB2PeriphResetCmd                            ./STM32L1xx_StdPeriph_Driver/src/stm32l1xx_rcc.o
                                                  ./STM32L1xx_StdPeriph_Driver/src/stm32l1xx_usart.o
                                                  ./STM32L1xx_StdPeriph_Driver/src/stm32l1xx_tim.o
                                                  ./STM32L1xx_StdPeriph_Driver/src/stm32l1xx_syscfg.o
                                                  ./STM32L1xx_StdPeriph_Driver/src/stm32l1xx_spi.o
                                                  ./STM32L1xx_StdPeriph_Driver/src/stm32l1xx_sdio.o
                                                  ./STM32L1xx_StdPeriph_Driver/src/stm32l1xx_adc.o
RCC_AdjustHSICalibrationValue                     ./STM32L1xx_StdPeriph_Driver/src/stm32l1xx_rcc.o
RCC_AdjustMSICalibrationValue                     ./STM32L1xx_StdPeriph_Driver/src/stm32l1xx_rcc.o
RCC_ClearFlag                                     ./STM32L1xx_StdPeriph_Driver/src/stm32l1xx_rcc.o
RCC_ClearITPendingBit                             ./STM32L1xx_StdPeriph_Driver/src/stm32l1xx_rcc.o
RCC_ClockSecuritySystemCmd                        ./STM32L1xx_StdPeriph_Driver/src/stm32l1xx_rcc.o
RCC_DeInit                                        ./STM32L1xx_StdPeriph_Driver/src/stm32l1xx_rcc.o
RCC_GetClocksFreq                                 ./STM32L1xx_StdPeriph_Driver/src/stm32l1xx_rcc.o
                                                  ./STM32L1xx_StdPeriph_Driver/src/stm32l1xx_usart.o
                                                  ./STM32L1xx_StdPeriph_Driver/src/stm32l1xx_spi.o
                                                  ./STM32L1xx_StdPeriph_Driver/src/stm32l1xx_i2c.o
RCC_GetFlagStatus                                 ./STM32L1xx_StdPeriph_Driver/src/stm32l1xx_rcc.o
                                                  ./main.o
RCC_GetITStatus                                   ./STM32L1xx_StdPeriph_Driver/src/stm32l1xx_rcc.o
RCC_GetSYSCLKSource                               ./STM32L1xx_StdPeriph_Driver/src/stm32l1xx_rcc.o
RCC_HCLKConfig                                    ./STM32L1xx_StdPeriph_Driver/src/stm32l1xx_rcc.o
RCC_HSEConfig                                     ./STM32L1xx_StdPeriph_Driver/src/stm32l1xx_rcc.o
RCC_HSICmd                                        ./STM32L1xx_StdPeriph_Driver/src/stm32l1xx_rcc.o
                                                  ./main.o
RCC_IRQHandler                                    ./GNU/startup_stm32l1xx_md.o
RCC_ITConfig                                      ./STM32L1xx_StdPeriph_Driver/src/stm32l1xx_rcc.o
RCC_LSEClockSecuritySystemCmd                     ./STM32L1xx_StdPeriph_Driver/src/stm32l1xx_rcc.o
RCC_LSEConfig                                     ./STM32L1xx_StdPeriph_Driver/src/stm32l1xx_rcc.o
RCC_LSICmd                                        ./STM32L1xx_StdPeriph_Driver/src/stm32l1xx_rcc.o
RCC_MCOConfig                                     ./STM32L1xx_StdPeriph_Driver/src/stm32l1xx_rcc.o
RCC_MSICmd                                        ./STM32L1xx_StdPeriph_Driver/src/stm32l1xx_rcc.o
RCC_MSIRangeConfig                                ./STM32L1xx_StdPeriph_Driver/src/stm32l1xx_rcc.o
RCC_PCLK1Config                                   ./STM32L1xx_StdPeriph_Driver/src/stm32l1xx_rcc.o
RCC_PCLK2Config                                   ./STM32L1xx_StdPeriph_Driver/src/stm32l1xx_rcc.o
RCC_PLLCmd                                        ./STM32L1xx_StdPeriph_Driver/src/stm32l1xx_rcc.o
RCC_PLLConfig                                     ./STM32L1xx_StdPeriph_Driver/src/stm32l1xx_rcc.o
RCC_RTCCLKCmd                                     ./STM32L1xx_StdPeriph_Driver/src/stm32l1xx_rcc.o
RCC_RTCCLKConfig                                  ./STM32L1xx_StdPeriph_Driver/src/stm32l1xx_rcc.o
RCC_RTCResetCmd                                   ./STM32L1xx_StdPeriph_Driver/src/stm32l1xx_rcc.o
RCC_SYSCLKConfig                                  ./STM32L1xx_StdPeriph_Driver/src/stm32l1xx_rcc.o
RCC_WaitForHSEStartUp                             ./STM32L1xx_StdPeriph_Driver/src/stm32l1xx_rcc.o
RTC_AlarmCmd                                      ./STM32L1xx_StdPeriph_Driver/src/stm32l1xx_rtc.o
RTC_AlarmStructInit                               ./STM32L1xx_StdPeriph_Driver/src/stm32l1xx_rtc.o
RTC_AlarmSubSecondConfig                          ./STM32L1xx_StdPeriph_Driver/src/stm32l1xx_rtc.o
RTC_Alarm_IRQHandler                              ./GNU/startup_stm32l1xx_md.o
RTC_BypassShadowCmd                               ./STM32L1xx_StdPeriph_Driver/src/stm32l1xx_rtc.o
RTC_CalibOutputCmd                                ./STM32L1xx_StdPeriph_Driver/src/stm32l1xx_rtc.o
RTC_CalibOutputConfig                             ./STM32L1xx_StdPeriph_Driver/src/stm32l1xx_rtc.o
RTC_ClearFlag                                     ./STM32L1xx_StdPeriph_Driver/src/stm32l1xx_rtc.o
RTC_ClearITPendingBit                             ./STM32L1xx_StdPeriph_Driver/src/stm32l1xx_rtc.o
RTC_CoarseCalibCmd                                ./STM32L1xx_StdPeriph_Driver/src/stm32l1xx_rtc.o
RTC_CoarseCalibConfig                             ./STM32L1xx_StdPeriph_Driver/src/stm32l1xx_rtc.o
RTC_DateStructInit                                ./STM32L1xx_StdPeriph_Driver/src/stm32l1xx_rtc.o
RTC_DayLightSavingConfig                          ./STM32L1xx_StdPeriph_Driver/src/stm32l1xx_rtc.o
RTC_DeInit                                        ./STM32L1xx_StdPeriph_Driver/src/stm32l1xx_rtc.o
RTC_EnterInitMode                                 ./STM32L1xx_StdPeriph_Driver/src/stm32l1xx_rtc.o
RTC_ExitInitMode                                  ./STM32L1xx_StdPeriph_Driver/src/stm32l1xx_rtc.o
RTC_GetAlarm                                      ./STM32L1xx_StdPeriph_Driver/src/stm32l1xx_rtc.o
RTC_GetAlarmSubSecond                             ./STM32L1xx_StdPeriph_Driver/src/stm32l1xx_rtc.o
RTC_GetDate                                       ./STM32L1xx_StdPeriph_Driver/src/stm32l1xx_rtc.o
RTC_GetFlagStatus                                 ./STM32L1xx_StdPeriph_Driver/src/stm32l1xx_rtc.o
RTC_GetITStatus                                   ./STM32L1xx_StdPeriph_Driver/src/stm32l1xx_rtc.o
RTC_GetStoreOperation                             ./STM32L1xx_StdPeriph_Driver/src/stm32l1xx_rtc.o
RTC_GetSubSecond                                  ./STM32L1xx_StdPeriph_Driver/src/stm32l1xx_rtc.o
RTC_GetTime                                       ./STM32L1xx_StdPeriph_Driver/src/stm32l1xx_rtc.o
RTC_GetTimeStamp                                  ./STM32L1xx_StdPeriph_Driver/src/stm32l1xx_rtc.o
RTC_GetTimeStampSubSecond                         ./STM32L1xx_StdPeriph_Driver/src/stm32l1xx_rtc.o
RTC_GetWakeUpCounter                              ./STM32L1xx_StdPeriph_Driver/src/stm32l1xx_rtc.o
RTC_ITConfig                                      ./STM32L1xx_StdPeriph_Driver/src/stm32l1xx_rtc.o
RTC_Init                                          ./STM32L1xx_StdPeriph_Driver/src/stm32l1xx_rtc.o
RTC_OutputConfig                                  ./STM32L1xx_StdPeriph_Driver/src/stm32l1xx_rtc.o
RTC_OutputTypeConfig                              ./STM32L1xx_StdPeriph_Driver/src/stm32l1xx_rtc.o
RTC_ReadBackupRegister                            ./STM32L1xx_StdPeriph_Driver/src/stm32l1xx_rtc.o
RTC_RefClockCmd                                   ./STM32L1xx_StdPeriph_Driver/src/stm32l1xx_rtc.o
RTC_SetAlarm                                      ./STM32L1xx_StdPeriph_Driver/src/stm32l1xx_rtc.o
RTC_SetDate                                       ./STM32L1xx_StdPeriph_Driver/src/stm32l1xx_rtc.o
RTC_SetTime                                       ./STM32L1xx_StdPeriph_Driver/src/stm32l1xx_rtc.o
RTC_SetWakeUpCounter                              ./STM32L1xx_StdPeriph_Driver/src/stm32l1xx_rtc.o
RTC_SmoothCalibConfig                             ./STM32L1xx_StdPeriph_Driver/src/stm32l1xx_rtc.o
RTC_StructInit                                    ./STM32L1xx_StdPeriph_Driver/src/stm32l1xx_rtc.o
RTC_SynchroShiftConfig                            ./STM32L1xx_StdPeriph_Driver/src/stm32l1xx_rtc.o
RTC_TamperCmd                                     ./STM32L1xx_StdPeriph_Driver/src/stm32l1xx_rtc.o
RTC_TamperFilterConfig                            ./STM32L1xx_StdPeriph_Driver/src/stm32l1xx_rtc.o
RTC_TamperPinsPrechargeDuration                   ./STM32L1xx_StdPeriph_Driver/src/stm32l1xx_rtc.o
RTC_TamperPullUpCmd                               ./STM32L1xx_StdPeriph_Driver/src/stm32l1xx_rtc.o
RTC_TamperSamplingFreqConfig                      ./STM32L1xx_StdPeriph_Driver/src/stm32l1xx_rtc.o
RTC_TamperTriggerConfig                           ./STM32L1xx_StdPeriph_Driver/src/stm32l1xx_rtc.o
RTC_TimeStampCmd                                  ./STM32L1xx_StdPeriph_Driver/src/stm32l1xx_rtc.o
RTC_TimeStampOnTamperDetectionCmd                 ./STM32L1xx_StdPeriph_Driver/src/stm32l1xx_rtc.o
RTC_TimeStructInit                                ./STM32L1xx_StdPeriph_Driver/src/stm32l1xx_rtc.o
RTC_WKUP_IRQHandler                               ./GNU/startup_stm32l1xx_md.o
RTC_WaitForSynchro                                ./STM32L1xx_StdPeriph_Driver/src/stm32l1xx_rtc.o
RTC_WakeUpClockConfig                             ./STM32L1xx_StdPeriph_Driver/src/stm32l1xx_rtc.o
RTC_WakeUpCmd                                     ./STM32L1xx_StdPeriph_Driver/src/stm32l1xx_rtc.o
RTC_WriteBackupRegister                           ./STM32L1xx_StdPeriph_Driver/src/stm32l1xx_rtc.o
RTC_WriteProtectionCmd                            ./STM32L1xx_StdPeriph_Driver/src/stm32l1xx_rtc.o
Reset_Handler                                     ./GNU/startup_stm32l1xx_md.o
SDIO_CEATAITCmd                                   ./STM32L1xx_StdPeriph_Driver/src/stm32l1xx_sdio.o
SDIO_ClearFlag                                    ./STM32L1xx_StdPeriph_Driver/src/stm32l1xx_sdio.o
SDIO_ClearITPendingBit                            ./STM32L1xx_StdPeriph_Driver/src/stm32l1xx_sdio.o
SDIO_ClockCmd                                     ./STM32L1xx_StdPeriph_Driver/src/stm32l1xx_sdio.o
SDIO_CmdStructInit                                ./STM32L1xx_StdPeriph_Driver/src/stm32l1xx_sdio.o
SDIO_CommandCompletionCmd                         ./STM32L1xx_StdPeriph_Driver/src/stm32l1xx_sdio.o
SDIO_DMACmd                                       ./STM32L1xx_StdPeriph_Driver/src/stm32l1xx_sdio.o
SDIO_DataConfig                                   ./STM32L1xx_StdPeriph_Driver/src/stm32l1xx_sdio.o
SDIO_DataStructInit                               ./STM32L1xx_StdPeriph_Driver/src/stm32l1xx_sdio.o
SDIO_DeInit                                       ./STM32L1xx_StdPeriph_Driver/src/stm32l1xx_sdio.o
SDIO_GetCommandResponse                           ./STM32L1xx_StdPeriph_Driver/src/stm32l1xx_sdio.o
SDIO_GetDataCounter                               ./STM32L1xx_StdPeriph_Driver/src/stm32l1xx_sdio.o
SDIO_GetFIFOCount                                 ./STM32L1xx_StdPeriph_Driver/src/stm32l1xx_sdio.o
SDIO_GetFlagStatus                                ./STM32L1xx_StdPeriph_Driver/src/stm32l1xx_sdio.o
SDIO_GetITStatus                                  ./STM32L1xx_StdPeriph_Driver/src/stm32l1xx_sdio.o
SDIO_GetPowerState                                ./STM32L1xx_StdPeriph_Driver/src/stm32l1xx_sdio.o
SDIO_GetResponse                                  ./STM32L1xx_StdPeriph_Driver/src/stm32l1xx_sdio.o
SDIO_ITConfig                                     ./STM32L1xx_StdPeriph_Driver/src/stm32l1xx_sdio.o
SDIO_Init                                         ./STM32L1xx_StdPeriph_Driver/src/stm32l1xx_sdio.o
SDIO_ReadData                                     ./STM32L1xx_StdPeriph_Driver/src/stm32l1xx_sdio.o
SDIO_SendCEATACmd                                 ./STM32L1xx_StdPeriph_Driver/src/stm32l1xx_sdio.o
SDIO_SendCommand                                  ./STM32L1xx_StdPeriph_Driver/src/stm32l1xx_sdio.o
SDIO_SendSDIOSuspendCmd                           ./STM32L1xx_StdPeriph_Driver/src/stm32l1xx_sdio.o
SDIO_SetPowerState                                ./STM32L1xx_StdPeriph_Driver/src/stm32l1xx_sdio.o
SDIO_SetSDIOOperation                             ./STM32L1xx_StdPeriph_Driver/src/stm32l1xx_sdio.o
SDIO_SetSDIOReadWaitMode                          ./STM32L1xx_StdPeriph_Driver/src/stm32l1xx_sdio.o
SDIO_StartSDIOReadWait                            ./STM32L1xx_StdPeriph_Driver/src/stm32l1xx_sdio.o
SDIO_StopSDIOReadWait                             ./STM32L1xx_StdPeriph_Driver/src/stm32l1xx_sdio.o
SDIO_StructInit                                   ./STM32L1xx_StdPeriph_Driver/src/stm32l1xx_sdio.o
SDIO_WriteData                                    ./STM32L1xx_StdPeriph_Driver/src/stm32l1xx_sdio.o
SPI1_IRQHandler                                   ./GNU/startup_stm32l1xx_md.o
SPI2_IRQHandler                                   ./GNU/startup_stm32l1xx_md.o
SPI_BiDirectionalLineConfig                       ./STM32L1xx_StdPeriph_Driver/src/stm32l1xx_spi.o
SPI_CalculateCRC                                  ./STM32L1xx_StdPeriph_Driver/src/stm32l1xx_spi.o
SPI_Cmd                                           ./STM32L1xx_StdPeriph_Driver/src/stm32l1xx_spi.o
SPI_DataSizeConfig                                ./STM32L1xx_StdPeriph_Driver/src/stm32l1xx_spi.o
SPI_GetCRC                                        ./STM32L1xx_StdPeriph_Driver/src/stm32l1xx_spi.o
SPI_GetCRCPolynomial                              ./STM32L1xx_StdPeriph_Driver/src/stm32l1xx_spi.o
SPI_I2S_ClearFlag                                 ./STM32L1xx_StdPeriph_Driver/src/stm32l1xx_spi.o
SPI_I2S_ClearITPendingBit                         ./STM32L1xx_StdPeriph_Driver/src/stm32l1xx_spi.o
SPI_I2S_DMACmd                                    ./STM32L1xx_StdPeriph_Driver/src/stm32l1xx_spi.o
SPI_I2S_DeInit                                    ./STM32L1xx_StdPeriph_Driver/src/stm32l1xx_spi.o
SPI_I2S_GetFlagStatus                             ./STM32L1xx_StdPeriph_Driver/src/stm32l1xx_spi.o
SPI_I2S_GetITStatus                               ./STM32L1xx_StdPeriph_Driver/src/stm32l1xx_spi.o
SPI_I2S_ITConfig                                  ./STM32L1xx_StdPeriph_Driver/src/stm32l1xx_spi.o
SPI_I2S_ReceiveData                               ./STM32L1xx_StdPeriph_Driver/src/stm32l1xx_spi.o
SPI_I2S_SendData                                  ./STM32L1xx_StdPeriph_Driver/src/stm32l1xx_spi.o
SPI_Init                                          ./STM32L1xx_StdPeriph_Driver/src/stm32l1xx_spi.o
SPI_NSSInternalSoftwareConfig                     ./STM32L1xx_StdPeriph_Driver/src/stm32l1xx_spi.o
SPI_SSOutputCmd                                   ./STM32L1xx_StdPeriph_Driver/src/stm32l1xx_spi.o
SPI_StructInit                                    ./STM32L1xx_StdPeriph_Driver/src/stm32l1xx_spi.o
SPI_TransmitCRC                                   ./STM32L1xx_StdPeriph_Driver/src/stm32l1xx_spi.o
SVC_Handler                                       ./User/stm32l1xx_it.o
SYSCFG_DeInit                                     ./STM32L1xx_StdPeriph_Driver/src/stm32l1xx_syscfg.o
SYSCFG_EXTILineConfig                             ./STM32L1xx_StdPeriph_Driver/src/stm32l1xx_syscfg.o
SYSCFG_GetBootMode                                ./STM32L1xx_StdPeriph_Driver/src/stm32l1xx_syscfg.o
SYSCFG_MemoryRemapConfig                          ./STM32L1xx_StdPeriph_Driver/src/stm32l1xx_syscfg.o
SYSCFG_RIChannelSpeedConfig                       ./STM32L1xx_StdPeriph_Driver/src/stm32l1xx_syscfg.o
SYSCFG_RIDeInit                                   ./STM32L1xx_StdPeriph_Driver/src/stm32l1xx_syscfg.o
SYSCFG_RIHysteresisConfig                         ./STM32L1xx_StdPeriph_Driver/src/stm32l1xx_syscfg.o
SYSCFG_RIIOSwitchConfig                           ./STM32L1xx_StdPeriph_Driver/src/stm32l1xx_syscfg.o
SYSCFG_RIResistorConfig                           ./STM32L1xx_StdPeriph_Driver/src/stm32l1xx_syscfg.o
SYSCFG_RISwitchControlModeCmd                     ./STM32L1xx_StdPeriph_Driver/src/stm32l1xx_syscfg.o
SYSCFG_RITIMInputCaptureConfig                    ./STM32L1xx_StdPeriph_Driver/src/stm32l1xx_syscfg.o
SYSCFG_RITIMSelect                                ./STM32L1xx_StdPeriph_Driver/src/stm32l1xx_syscfg.o
SYSCFG_USBPuCmd                                   ./STM32L1xx_StdPeriph_Driver/src/stm32l1xx_syscfg.o
SysTick_CLKSourceConfig                           ./STM32L1xx_StdPeriph_Driver/src/misc.o
SysTick_Handler                                   ./User/stm32l1xx_it.o
SystemCoreClock                                   ./CMSIS/src/system_stm32l1xx.o
SystemCoreClockUpdate                             ./CMSIS/src/system_stm32l1xx.o
SystemInit                                        ./CMSIS/src/system_stm32l1xx.o
                                                  ./GNU/startup_stm32l1xx_md.o
TAMPER_STAMP_IRQHandler                           ./GNU/startup_stm32l1xx_md.o
TIM10_IRQHandler                                  ./GNU/startup_stm32l1xx_md.o
TIM11_IRQHandler                                  ./GNU/startup_stm32l1xx_md.o
TIM2_IRQHandler                                   ./GNU/startup_stm32l1xx_md.o
TIM3_IRQHandler                                   ./GNU/startup_stm32l1xx_md.o
TIM4_IRQHandler                                   ./GNU/startup_stm32l1xx_md.o
TIM6_IRQHandler                                   ./GNU/startup_stm32l1xx_md.o
TIM7_IRQHandler                                   ./GNU/startup_stm32l1xx_md.o
TIM9_IRQHandler                                   ./GNU/startup_stm32l1xx_md.o
TIM_ARRPreloadConfig                              ./STM32L1xx_StdPeriph_Driver/src/stm32l1xx_tim.o
TIM_CCxCmd                                        ./STM32L1xx_StdPeriph_Driver/src/stm32l1xx_tim.o
TIM_ClearFlag                                     ./STM32L1xx_StdPeriph_Driver/src/stm32l1xx_tim.o
TIM_ClearITPendingBit                             ./STM32L1xx_StdPeriph_Driver/src/stm32l1xx_tim.o
TIM_ClearOC1Ref                                   ./STM32L1xx_StdPeriph_Driver/src/stm32l1xx_tim.o
TIM_ClearOC2Ref                                   ./STM32L1xx_StdPeriph_Driver/src/stm32l1xx_tim.o
TIM_ClearOC3Ref                                   ./STM32L1xx_StdPeriph_Driver/src/stm32l1xx_tim.o
TIM_ClearOC4Ref                                   ./STM32L1xx_StdPeriph_Driver/src/stm32l1xx_tim.o
TIM_Cmd                                           ./STM32L1xx_StdPeriph_Driver/src/stm32l1xx_tim.o
TIM_CounterModeConfig                             ./STM32L1xx_StdPeriph_Driver/src/stm32l1xx_tim.o
TIM_DMACmd                                        ./STM32L1xx_StdPeriph_Driver/src/stm32l1xx_tim.o
TIM_DMAConfig                                     ./STM32L1xx_StdPeriph_Driver/src/stm32l1xx_tim.o
TIM_DeInit                                        ./STM32L1xx_StdPeriph_Driver/src/stm32l1xx_tim.o
TIM_ETRClockMode1Config                           ./STM32L1xx_StdPeriph_Driver/src/stm32l1xx_tim.o
TIM_ETRClockMode2Config                           ./STM32L1xx_StdPeriph_Driver/src/stm32l1xx_tim.o
TIM_ETRConfig                                     ./STM32L1xx_StdPeriph_Driver/src/stm32l1xx_tim.o
TIM_EncoderInterfaceConfig                        ./STM32L1xx_StdPeriph_Driver/src/stm32l1xx_tim.o
TIM_ForcedOC1Config                               ./STM32L1xx_StdPeriph_Driver/src/stm32l1xx_tim.o
TIM_ForcedOC2Config                               ./STM32L1xx_StdPeriph_Driver/src/stm32l1xx_tim.o
TIM_ForcedOC3Config                               ./STM32L1xx_StdPeriph_Driver/src/stm32l1xx_tim.o
TIM_ForcedOC4Config                               ./STM32L1xx_StdPeriph_Driver/src/stm32l1xx_tim.o
TIM_GenerateEvent                                 ./STM32L1xx_StdPeriph_Driver/src/stm32l1xx_tim.o
TIM_GetCapture1                                   ./STM32L1xx_StdPeriph_Driver/src/stm32l1xx_tim.o
TIM_GetCapture2                                   ./STM32L1xx_StdPeriph_Driver/src/stm32l1xx_tim.o
TIM_GetCapture3                                   ./STM32L1xx_StdPeriph_Driver/src/stm32l1xx_tim.o
TIM_GetCapture4                                   ./STM32L1xx_StdPeriph_Driver/src/stm32l1xx_tim.o
TIM_GetCounter                                    ./STM32L1xx_StdPeriph_Driver/src/stm32l1xx_tim.o
TIM_GetFlagStatus                                 ./STM32L1xx_StdPeriph_Driver/src/stm32l1xx_tim.o
TIM_GetITStatus                                   ./STM32L1xx_StdPeriph_Driver/src/stm32l1xx_tim.o
TIM_GetPrescaler                                  ./STM32L1xx_StdPeriph_Driver/src/stm32l1xx_tim.o
TIM_ICInit                                        ./STM32L1xx_StdPeriph_Driver/src/stm32l1xx_tim.o
TIM_ICStructInit                                  ./STM32L1xx_StdPeriph_Driver/src/stm32l1xx_tim.o
TIM_ITConfig                                      ./STM32L1xx_StdPeriph_Driver/src/stm32l1xx_tim.o
TIM_ITRxExternalClockConfig                       ./STM32L1xx_StdPeriph_Driver/src/stm32l1xx_tim.o
TIM_InternalClockConfig                           ./STM32L1xx_StdPeriph_Driver/src/stm32l1xx_tim.o
TIM_OC1FastConfig                                 ./STM32L1xx_StdPeriph_Driver/src/stm32l1xx_tim.o
TIM_OC1Init                                       ./STM32L1xx_StdPeriph_Driver/src/stm32l1xx_tim.o
TIM_OC1PolarityConfig                             ./STM32L1xx_StdPeriph_Driver/src/stm32l1xx_tim.o
TIM_OC1PreloadConfig                              ./STM32L1xx_StdPeriph_Driver/src/stm32l1xx_tim.o
TIM_OC2FastConfig                                 ./STM32L1xx_StdPeriph_Driver/src/stm32l1xx_tim.o
TIM_OC2Init                                       ./STM32L1xx_StdPeriph_Driver/src/stm32l1xx_tim.o
TIM_OC2PolarityConfig                             ./STM32L1xx_StdPeriph_Driver/src/stm32l1xx_tim.o
TIM_OC2PreloadConfig                              ./STM32L1xx_StdPeriph_Driver/src/stm32l1xx_tim.o
TIM_OC3FastConfig                                 ./STM32L1xx_StdPeriph_Driver/src/stm32l1xx_tim.o
TIM_OC3Init                                       ./STM32L1xx_StdPeriph_Driver/src/stm32l1xx_tim.o
TIM_OC3PolarityConfig                             ./STM32L1xx_StdPeriph_Driver/src/stm32l1xx_tim.o
TIM_OC3PreloadConfig                              ./STM32L1xx_StdPeriph_Driver/src/stm32l1xx_tim.o
TIM_OC4FastConfig                                 ./STM32L1xx_StdPeriph_Driver/src/stm32l1xx_tim.o
TIM_OC4Init                                       ./STM32L1xx_StdPeriph_Driver/src/stm32l1xx_tim.o
TIM_OC4PolarityConfig                             ./STM32L1xx_StdPeriph_Driver/src/stm32l1xx_tim.o
TIM_OC4PreloadConfig                              ./STM32L1xx_StdPeriph_Driver/src/stm32l1xx_tim.o
TIM_OCStructInit                                  ./STM32L1xx_StdPeriph_Driver/src/stm32l1xx_tim.o
TIM_PWMIConfig                                    ./STM32L1xx_StdPeriph_Driver/src/stm32l1xx_tim.o
TIM_PrescalerConfig                               ./STM32L1xx_StdPeriph_Driver/src/stm32l1xx_tim.o
TIM_RemapConfig                                   ./STM32L1xx_StdPeriph_Driver/src/stm32l1xx_tim.o
TIM_SelectCCDMA                                   ./STM32L1xx_StdPeriph_Driver/src/stm32l1xx_tim.o
TIM_SelectHallSensor                              ./STM32L1xx_StdPeriph_Driver/src/stm32l1xx_tim.o
TIM_SelectInputTrigger                            ./STM32L1xx_StdPeriph_Driver/src/stm32l1xx_tim.o
TIM_SelectMasterSlaveMode                         ./STM32L1xx_StdPeriph_Driver/src/stm32l1xx_tim.o
TIM_SelectOCREFClear                              ./STM32L1xx_StdPeriph_Driver/src/stm32l1xx_tim.o
TIM_SelectOCxM                                    ./STM32L1xx_StdPeriph_Driver/src/stm32l1xx_tim.o
TIM_SelectOnePulseMode                            ./STM32L1xx_StdPeriph_Driver/src/stm32l1xx_tim.o
TIM_SelectOutputTrigger                           ./STM32L1xx_StdPeriph_Driver/src/stm32l1xx_tim.o
TIM_SelectSlaveMode                               ./STM32L1xx_StdPeriph_Driver/src/stm32l1xx_tim.o
TIM_SetAutoreload                                 ./STM32L1xx_StdPeriph_Driver/src/stm32l1xx_tim.o
TIM_SetClockDivision                              ./STM32L1xx_StdPeriph_Driver/src/stm32l1xx_tim.o
TIM_SetCompare1                                   ./STM32L1xx_StdPeriph_Driver/src/stm32l1xx_tim.o
TIM_SetCompare2                                   ./STM32L1xx_StdPeriph_Driver/src/stm32l1xx_tim.o
TIM_SetCompare3                                   ./STM32L1xx_StdPeriph_Driver/src/stm32l1xx_tim.o
TIM_SetCompare4                                   ./STM32L1xx_StdPeriph_Driver/src/stm32l1xx_tim.o
TIM_SetCounter                                    ./STM32L1xx_StdPeriph_Driver/src/stm32l1xx_tim.o
TIM_SetIC1Prescaler                               ./STM32L1xx_StdPeriph_Driver/src/stm32l1xx_tim.o
TIM_SetIC2Prescaler                               ./STM32L1xx_StdPeriph_Driver/src/stm32l1xx_tim.o
TIM_SetIC3Prescaler                               ./STM32L1xx_StdPeriph_Driver/src/stm32l1xx_tim.o
TIM_SetIC4Prescaler                               ./STM32L1xx_StdPeriph_Driver/src/stm32l1xx_tim.o
TIM_TIxExternalClockConfig                        ./STM32L1xx_StdPeriph_Driver/src/stm32l1xx_tim.o
TIM_TimeBaseInit                                  ./STM32L1xx_StdPeriph_Driver/src/stm32l1xx_tim.o
TIM_TimeBaseStructInit                            ./STM32L1xx_StdPeriph_Driver/src/stm32l1xx_tim.o
TIM_UpdateDisableConfig                           ./STM32L1xx_StdPeriph_Driver/src/stm32l1xx_tim.o
TIM_UpdateRequestConfig                           ./STM32L1xx_StdPeriph_Driver/src/stm32l1xx_tim.o
TimingDelay_Decrement                             ./main.o
                                                  ./User/stm32l1xx_it.o
USART1_IRQHandler                                 ./GNU/startup_stm32l1xx_md.o
USART2_IRQHandler                                 ./GNU/startup_stm32l1xx_md.o
USART3_IRQHandler                                 ./GNU/startup_stm32l1xx_md.o
USART_ClearFlag                                   ./STM32L1xx_StdPeriph_Driver/src/stm32l1xx_usart.o
USART_ClearITPendingBit                           ./STM32L1xx_StdPeriph_Driver/src/stm32l1xx_usart.o
USART_ClockInit                                   ./STM32L1xx_StdPeriph_Driver/src/stm32l1xx_usart.o
USART_ClockStructInit                             ./STM32L1xx_StdPeriph_Driver/src/stm32l1xx_usart.o
USART_Cmd                                         ./STM32L1xx_StdPeriph_Driver/src/stm32l1xx_usart.o
USART_DMACmd                                      ./STM32L1xx_StdPeriph_Driver/src/stm32l1xx_usart.o
USART_DeInit                                      ./STM32L1xx_StdPeriph_Driver/src/stm32l1xx_usart.o
USART_GetFlagStatus                               ./STM32L1xx_StdPeriph_Driver/src/stm32l1xx_usart.o
USART_GetITStatus                                 ./STM32L1xx_StdPeriph_Driver/src/stm32l1xx_usart.o
USART_HalfDuplexCmd                               ./STM32L1xx_StdPeriph_Driver/src/stm32l1xx_usart.o
USART_ITConfig                                    ./STM32L1xx_StdPeriph_Driver/src/stm32l1xx_usart.o
USART_Init                                        ./STM32L1xx_StdPeriph_Driver/src/stm32l1xx_usart.o
USART_IrDACmd                                     ./STM32L1xx_StdPeriph_Driver/src/stm32l1xx_usart.o